Archive member included to satisfy reference by file (symbol)

c:/program files/stm32cubeide_1.5.1/stm32cubeide/plugins/com.st.stm32cube.ide.mcu.externaltools.gnu-tools-for-stm32.7-2018-q2-update.win32_1.5.0.202011040924/tools/bin/../lib/gcc/arm-none-eabi/7.3.1/../../../../arm-none-eabi/lib/thumb/v7e-m/fpv4-sp/hard\libc_nano.a(lib_a-errno.o)
                              Core/Src/syscalls.o (__errno)
c:/program files/stm32cubeide_1.5.1/stm32cubeide/plugins/com.st.stm32cube.ide.mcu.externaltools.gnu-tools-for-stm32.7-2018-q2-update.win32_1.5.0.202011040924/tools/bin/../lib/gcc/arm-none-eabi/7.3.1/../../../../arm-none-eabi/lib/thumb/v7e-m/fpv4-sp/hard\libc_nano.a(lib_a-exit.o)
                              c:/program files/stm32cubeide_1.5.1/stm32cubeide/plugins/com.st.stm32cube.ide.mcu.externaltools.gnu-tools-for-stm32.7-2018-q2-update.win32_1.5.0.202011040924/tools/bin/../lib/gcc/arm-none-eabi/7.3.1/../../../../arm-none-eabi/lib/thumb/v7e-m/fpv4-sp/hard/crt0.o (exit)
c:/program files/stm32cubeide_1.5.1/stm32cubeide/plugins/com.st.stm32cube.ide.mcu.externaltools.gnu-tools-for-stm32.7-2018-q2-update.win32_1.5.0.202011040924/tools/bin/../lib/gcc/arm-none-eabi/7.3.1/../../../../arm-none-eabi/lib/thumb/v7e-m/fpv4-sp/hard\libc_nano.a(lib_a-impure.o)
                              c:/program files/stm32cubeide_1.5.1/stm32cubeide/plugins/com.st.stm32cube.ide.mcu.externaltools.gnu-tools-for-stm32.7-2018-q2-update.win32_1.5.0.202011040924/tools/bin/../lib/gcc/arm-none-eabi/7.3.1/../../../../arm-none-eabi/lib/thumb/v7e-m/fpv4-sp/hard\libc_nano.a(lib_a-exit.o) (_global_impure_ptr)
c:/program files/stm32cubeide_1.5.1/stm32cubeide/plugins/com.st.stm32cube.ide.mcu.externaltools.gnu-tools-for-stm32.7-2018-q2-update.win32_1.5.0.202011040924/tools/bin/../lib/gcc/arm-none-eabi/7.3.1/../../../../arm-none-eabi/lib/thumb/v7e-m/fpv4-sp/hard\libc_nano.a(lib_a-init.o)
                              c:/program files/stm32cubeide_1.5.1/stm32cubeide/plugins/com.st.stm32cube.ide.mcu.externaltools.gnu-tools-for-stm32.7-2018-q2-update.win32_1.5.0.202011040924/tools/bin/../lib/gcc/arm-none-eabi/7.3.1/../../../../arm-none-eabi/lib/thumb/v7e-m/fpv4-sp/hard/crt0.o (__libc_init_array)
c:/program files/stm32cubeide_1.5.1/stm32cubeide/plugins/com.st.stm32cube.ide.mcu.externaltools.gnu-tools-for-stm32.7-2018-q2-update.win32_1.5.0.202011040924/tools/bin/../lib/gcc/arm-none-eabi/7.3.1/../../../../arm-none-eabi/lib/thumb/v7e-m/fpv4-sp/hard\libc_nano.a(lib_a-memcpy-stub.o)
                              Core/Src/main.o (memcpy)
c:/program files/stm32cubeide_1.5.1/stm32cubeide/plugins/com.st.stm32cube.ide.mcu.externaltools.gnu-tools-for-stm32.7-2018-q2-update.win32_1.5.0.202011040924/tools/bin/../lib/gcc/arm-none-eabi/7.3.1/../../../../arm-none-eabi/lib/thumb/v7e-m/fpv4-sp/hard\libc_nano.a(lib_a-memset.o)
                              c:/program files/stm32cubeide_1.5.1/stm32cubeide/plugins/com.st.stm32cube.ide.mcu.externaltools.gnu-tools-for-stm32.7-2018-q2-update.win32_1.5.0.202011040924/tools/bin/../lib/gcc/arm-none-eabi/7.3.1/../../../../arm-none-eabi/lib/thumb/v7e-m/fpv4-sp/hard/crt0.o (memset)
c:/program files/stm32cubeide_1.5.1/stm32cubeide/plugins/com.st.stm32cube.ide.mcu.externaltools.gnu-tools-for-stm32.7-2018-q2-update.win32_1.5.0.202011040924/tools/bin/../lib/gcc/arm-none-eabi/7.3.1/thumb/v7e-m/fpv4-sp/hard\libgcc.a(_aeabi_uldivmod.o)
                              Drivers/STM32F4xx_HAL_Driver/Src/stm32f4xx_hal_rcc.o (__aeabi_uldivmod)
c:/program files/stm32cubeide_1.5.1/stm32cubeide/plugins/com.st.stm32cube.ide.mcu.externaltools.gnu-tools-for-stm32.7-2018-q2-update.win32_1.5.0.202011040924/tools/bin/../lib/gcc/arm-none-eabi/7.3.1/thumb/v7e-m/fpv4-sp/hard\libgcc.a(_udivmoddi4.o)
                              c:/program files/stm32cubeide_1.5.1/stm32cubeide/plugins/com.st.stm32cube.ide.mcu.externaltools.gnu-tools-for-stm32.7-2018-q2-update.win32_1.5.0.202011040924/tools/bin/../lib/gcc/arm-none-eabi/7.3.1/thumb/v7e-m/fpv4-sp/hard\libgcc.a(_aeabi_uldivmod.o) (__udivmoddi4)
c:/program files/stm32cubeide_1.5.1/stm32cubeide/plugins/com.st.stm32cube.ide.mcu.externaltools.gnu-tools-for-stm32.7-2018-q2-update.win32_1.5.0.202011040924/tools/bin/../lib/gcc/arm-none-eabi/7.3.1/thumb/v7e-m/fpv4-sp/hard\libgcc.a(_dvmd_tls.o)
                              c:/program files/stm32cubeide_1.5.1/stm32cubeide/plugins/com.st.stm32cube.ide.mcu.externaltools.gnu-tools-for-stm32.7-2018-q2-update.win32_1.5.0.202011040924/tools/bin/../lib/gcc/arm-none-eabi/7.3.1/thumb/v7e-m/fpv4-sp/hard\libgcc.a(_aeabi_uldivmod.o) (__aeabi_ldiv0)

Allocating common symbols
Common symbol       size              file

ComRxBuffer         0x400             Core/Src/main.o
hdma_usart2_rx      0x60              Core/Src/usart.o
ComRxOut            0x2               Core/Src/main.o
uwTick              0x4               Drivers/STM32F4xx_HAL_Driver/Src/stm32f4xx_hal.o
pFlash              0x20              Drivers/STM32F4xx_HAL_Driver/Src/stm32f4xx_hal_flash.o
[...]
Memory Configuration

Name             Origin             Length             Attributes
RAM              0x0000000020000000 0x0000000000018000 xrw
FLASH            0x0000000008000000 0x0000000000080000 xr
*default*        0x0000000000000000 0xffffffffffffffff

Linker script and memory map

LOAD c:/program files/stm32cubeide_1.5.1/stm32cubeide/plugins/com.st.stm32cube.ide.mcu.externaltools.gnu-tools-for-stm32.7-2018-q2-update.win32_1.5.0.202011040924/tools/bin/../lib/gcc/arm-none-eabi/7.3.1/thumb/v7e-m/fpv4-sp/hard/crti.o
LOAD c:/program files/stm32cubeide_1.5.1/stm32cubeide/plugins/com.st.stm32cube.ide.mcu.externaltools.gnu-tools-for-stm32.7-2018-q2-update.win32_1.5.0.202011040924/tools/bin/../lib/gcc/arm-none-eabi/7.3.1/thumb/v7e-m/fpv4-sp/hard/crtbegin.o
LOAD c:/program files/stm32cubeide_1.5.1/stm32cubeide/plugins/com.st.stm32cube.ide.mcu.externaltools.gnu-tools-for-stm32.7-2018-q2-update.win32_1.5.0.202011040924/tools/bin/../lib/gcc/arm-none-eabi/7.3.1/../../../../arm-none-eabi/lib/thumb/v7e-m/fpv4-sp/hard/crt0.o
LOAD Core/Src/dma.o
LOAD Core/Src/gpio.o
LOAD Core/Src/main.o
LOAD Core/Src/spi.o
LOAD Core/Src/ssd1322.o
LOAD Core/Src/stm32f4xx_hal_msp.o
LOAD Core/Src/stm32f4xx_it.o
LOAD Core/Src/syscalls.o
LOAD Core/Src/sysmem.o
LOAD Core/Src/system_stm32f4xx.o
LOAD Core/Src/usart.o
LOAD Core/Startup/startup_stm32f401retx.o
LOAD Drivers/STM32F4xx_HAL_Driver/Src/stm32f4xx_hal.o
LOAD Drivers/STM32F4xx_HAL_Driver/Src/stm32f4xx_hal_cortex.o
LOAD Drivers/STM32F4xx_HAL_Driver/Src/stm32f4xx_hal_dma.o
LOAD Drivers/STM32F4xx_HAL_Driver/Src/stm32f4xx_hal_dma_ex.o
LOAD Drivers/STM32F4xx_HAL_Driver/Src/stm32f4xx_hal_exti.o
LOAD Drivers/STM32F4xx_HAL_Driver/Src/stm32f4xx_hal_flash.o
LOAD Drivers/STM32F4xx_HAL_Driver/Src/stm32f4xx_hal_flash_ex.o
LOAD Drivers/STM32F4xx_HAL_Driver/Src/stm32f4xx_hal_flash_ramfunc.o
LOAD Drivers/STM32F4xx_HAL_Driver/Src/stm32f4xx_hal_gpio.o
LOAD Drivers/STM32F4xx_HAL_Driver/Src/stm32f4xx_hal_pwr.o
LOAD Drivers/STM32F4xx_HAL_Driver/Src/stm32f4xx_hal_pwr_ex.o
LOAD Drivers/STM32F4xx_HAL_Driver/Src/stm32f4xx_hal_rcc.o
LOAD Drivers/STM32F4xx_HAL_Driver/Src/stm32f4xx_hal_rcc_ex.o
LOAD Drivers/STM32F4xx_HAL_Driver/Src/stm32f4xx_hal_spi.o
LOAD Drivers/STM32F4xx_HAL_Driver/Src/stm32f4xx_hal_tim.o
LOAD Drivers/STM32F4xx_HAL_Driver/Src/stm32f4xx_hal_tim_ex.o
LOAD Drivers/STM32F4xx_HAL_Driver/Src/stm32f4xx_hal_uart.o
START GROUP
LOAD c:/program files/stm32cubeide_1.5.1/stm32cubeide/plugins/com.st.stm32cube.ide.mcu.externaltools.gnu-tools-for-stm32.7-2018-q2-update.win32_1.5.0.202011040924/tools/bin/../lib/gcc/arm-none-eabi/7.3.1/../../../../arm-none-eabi/lib/thumb/v7e-m/fpv4-sp/hard\libc_nano.a
LOAD c:/program files/stm32cubeide_1.5.1/stm32cubeide/plugins/com.st.stm32cube.ide.mcu.externaltools.gnu-tools-for-stm32.7-2018-q2-update.win32_1.5.0.202011040924/tools/bin/../lib/gcc/arm-none-eabi/7.3.1/../../../../arm-none-eabi/lib/thumb/v7e-m/fpv4-sp/hard\libm.a
END GROUP
START GROUP
LOAD c:/program files/stm32cubeide_1.5.1/stm32cubeide/plugins/com.st.stm32cube.ide.mcu.externaltools.gnu-tools-for-stm32.7-2018-q2-update.win32_1.5.0.202011040924/tools/bin/../lib/gcc/arm-none-eabi/7.3.1/thumb/v7e-m/fpv4-sp/hard\libgcc.a
LOAD c:/program files/stm32cubeide_1.5.1/stm32cubeide/plugins/com.st.stm32cube.ide.mcu.externaltools.gnu-tools-for-stm32.7-2018-q2-update.win32_1.5.0.202011040924/tools/bin/../lib/gcc/arm-none-eabi/7.3.1/../../../../arm-none-eabi/lib/thumb/v7e-m/fpv4-sp/hard\libc_nano.a
END GROUP
START GROUP
LOAD c:/program files/stm32cubeide_1.5.1/stm32cubeide/plugins/com.st.stm32cube.ide.mcu.externaltools.gnu-tools-for-stm32.7-2018-q2-update.win32_1.5.0.202011040924/tools/bin/../lib/gcc/arm-none-eabi/7.3.1/thumb/v7e-m/fpv4-sp/hard\libgcc.a
LOAD c:/program files/stm32cubeide_1.5.1/stm32cubeide/plugins/com.st.stm32cube.ide.mcu.externaltools.gnu-tools-for-stm32.7-2018-q2-update.win32_1.5.0.202011040924/tools/bin/../lib/gcc/arm-none-eabi/7.3.1/../../../../arm-none-eabi/lib/thumb/v7e-m/fpv4-sp/hard\libc_nano.a
LOAD c:/program files/stm32cubeide_1.5.1/stm32cubeide/plugins/com.st.stm32cube.ide.mcu.externaltools.gnu-tools-for-stm32.7-2018-q2-update.win32_1.5.0.202011040924/tools/bin/../lib/gcc/arm-none-eabi/7.3.1/../../../../arm-none-eabi/lib/thumb/v7e-m/fpv4-sp/hard\libnosys.a
END GROUP
START GROUP
LOAD c:/program files/stm32cubeide_1.5.1/stm32cubeide/plugins/com.st.stm32cube.ide.mcu.externaltools.gnu-tools-for-stm32.7-2018-q2-update.win32_1.5.0.202011040924/tools/bin/../lib/gcc/arm-none-eabi/7.3.1/thumb/v7e-m/fpv4-sp/hard\libgcc.a
LOAD c:/program files/stm32cubeide_1.5.1/stm32cubeide/plugins/com.st.stm32cube.ide.mcu.externaltools.gnu-tools-for-stm32.7-2018-q2-update.win32_1.5.0.202011040924/tools/bin/../lib/gcc/arm-none-eabi/7.3.1/../../../../arm-none-eabi/lib/thumb/v7e-m/fpv4-sp/hard\libc_nano.a
LOAD c:/program files/stm32cubeide_1.5.1/stm32cubeide/plugins/com.st.stm32cube.ide.mcu.externaltools.gnu-tools-for-stm32.7-2018-q2-update.win32_1.5.0.202011040924/tools/bin/../lib/gcc/arm-none-eabi/7.3.1/../../../../arm-none-eabi/lib/thumb/v7e-m/fpv4-sp/hard\libnosys.a
END GROUP
LOAD c:/program files/stm32cubeide_1.5.1/stm32cubeide/plugins/com.st.stm32cube.ide.mcu.externaltools.gnu-tools-for-stm32.7-2018-q2-update.win32_1.5.0.202011040924/tools/bin/../lib/gcc/arm-none-eabi/7.3.1/thumb/v7e-m/fpv4-sp/hard/crtend.o
LOAD c:/program files/stm32cubeide_1.5.1/stm32cubeide/plugins/com.st.stm32cube.ide.mcu.externaltools.gnu-tools-for-stm32.7-2018-q2-update.win32_1.5.0.202011040924/tools/bin/../lib/gcc/arm-none-eabi/7.3.1/thumb/v7e-m/fpv4-sp/hard/crtn.o
                0x0000000020018000                _estack = (ORIGIN (RAM) + LENGTH (RAM))
                0x0000000000000200                _Min_Heap_Size = 0x200
                0x0000000000000400                _Min_Stack_Size = 0x400

.isr_vector     0x0000000008000000      0x194
                0x0000000008000000                . = ALIGN (0x4)
 *(.isr_vector)
 .isr_vector    0x0000000008000000      0x194 Core/Startup/startup_stm32f401retx.o
                0x0000000008000000                g_pfnVectors
                0x0000000008000194                . = ALIGN (0x4)

.text           0x0000000008000194     0x405c
                0x0000000008000194                . = ALIGN (0x4)
 *(.text)
 .text          0x0000000008000194       0x40 c:/program files/stm32cubeide_1.5.1/stm32cubeide/plugins/com.st.stm32cube.ide.mcu.externaltools.gnu-tools-for-stm32.7-2018-q2-update.win32_1.5.0.202011040924/tools/bin/../lib/gcc/arm-none-eabi/7.3.1/thumb/v7e-m/fpv4-sp/hard/crtbegin.o
 .text          0x00000000080001d4       0x30 c:/program files/stm32cubeide_1.5.1/stm32cubeide/plugins/com.st.stm32cube.ide.mcu.externaltools.gnu-tools-for-stm32.7-2018-q2-update.win32_1.5.0.202011040924/tools/bin/../lib/gcc/arm-none-eabi/7.3.1/thumb/v7e-m/fpv4-sp/hard\libgcc.a(_aeabi_uldivmod.o)
                0x00000000080001d4                __aeabi_uldivmod
 .text          0x0000000008000204      0x2cc c:/program files/stm32cubeide_1.5.1/stm32cubeide/plugins/com.st.stm32cube.ide.mcu.externaltools.gnu-tools-for-stm32.7-2018-q2-update.win32_1.5.0.202011040924/tools/bin/../lib/gcc/arm-none-eabi/7.3.1/thumb/v7e-m/fpv4-sp/hard\libgcc.a(_udivmoddi4.o)
                0x0000000008000204                __udivmoddi4
 .text          0x00000000080004d0        0x4 c:/program files/stm32cubeide_1.5.1/stm32cubeide/plugins/com.st.stm32cube.ide.mcu.externaltools.gnu-tools-for-stm32.7-2018-q2-update.win32_1.5.0.202011040924/tools/bin/../lib/gcc/arm-none-eabi/7.3.1/thumb/v7e-m/fpv4-sp/hard\libgcc.a(_dvmd_tls.o)
                0x00000000080004d0                __aeabi_idiv0
                0x00000000080004d0                __aeabi_ldiv0
 *(.text*)
 .text.MX_DMA_Init
                0x00000000080004d4       0x40 Core/Src/dma.o
                0x00000000080004d4                MX_DMA_Init
 .text.MX_GPIO_Init
                0x0000000008000514      0x150 Core/Src/gpio.o
                0x0000000008000514                MX_GPIO_Init
 .text.main     0x0000000008000664       0x2a Core/Src/main.o
                0x0000000008000664                main
 *fill*         0x000000000800068e        0x2 
 .text.SystemClock_Config
                0x0000000008000690       0xd8 Core/Src/main.o
                0x0000000008000690                SystemClock_Config
 .text.UpdateDisplay
                0x0000000008000768      0x194 Core/Src/main.o
                0x0000000008000768                UpdateDisplay
 .text.StartReceive
                0x00000000080008fc       0x6c Core/Src/main.o
                0x00000000080008fc                StartReceive
 .text.USART_IrqHandler
                0x0000000008000968       0x4c Core/Src/main.o
                0x0000000008000968                USART_IrqHandler
 .text.DMA_IrqHandler
                0x00000000080009b4      0x100 Core/Src/main.o
                0x00000000080009b4                DMA_IrqHandler
 .text.Error_Handler
                0x0000000008000ab4        0x8 Core/Src/main.o
                0x0000000008000ab4                Error_Handler
 .text.MX_SPI3_Init
                0x0000000008000abc       0x6c Core/Src/spi.o
                0x0000000008000abc                MX_SPI3_Init
 .text.HAL_SPI_MspInit
                0x0000000008000b28       0x90 Core/Src/spi.o
                0x0000000008000b28                HAL_SPI_MspInit
 .text.SSD1322_Initialize
                0x0000000008000bb8      0x102 Core/Src/ssd1322.o
                0x0000000008000bb8                SSD1322_Initialize
 *fill*         0x0000000008000cba        0x2 
 .text.SSD1322_Reset
                0x0000000008000cbc       0x38 Core/Src/ssd1322.o
                0x0000000008000cbc                SSD1322_Reset
 .text.SSD1322_Command
                0x0000000008000cf4       0x1e Core/Src/ssd1322.o
                0x0000000008000cf4                SSD1322_Command
 .text.SSD1322_Data
                0x0000000008000d12       0x1e Core/Src/ssd1322.o
                0x0000000008000d12                SSD1322_Data
 .text.SSD1322_DataBytes
                0x0000000008000d30       0x20 Core/Src/ssd1322.o
                0x0000000008000d30                SSD1322_DataBytes
 .text.SSD1322_Write
                0x0000000008000d50       0x70 Core/Src/ssd1322.o
                0x0000000008000d50                SSD1322_Write
 .text.SSD1322_Display
                0x0000000008000dc0       0x50 Core/Src/ssd1322.o
                0x0000000008000dc0                SSD1322_Display
 .text.SSD1322_Fill
                0x0000000008000e10       0x86 Core/Src/ssd1322.o
                0x0000000008000e10                SSD1322_Fill
 *fill*         0x0000000008000e96        0x2 
 .text.SSD1322_DrawUnicode
                0x0000000008000e98      0x9e0 Core/Src/ssd1322.o
                0x0000000008000e98                SSD1322_DrawUnicode
 .text.HAL_MspInit
                0x0000000008001878       0x50 Core/Src/stm32f4xx_hal_msp.o
                0x0000000008001878                HAL_MspInit
 .text.NMI_Handler
                0x00000000080018c8        0x6 Core/Src/stm32f4xx_it.o
                0x00000000080018c8                NMI_Handler
 .text.HardFault_Handler
                0x00000000080018ce        0x6 Core/Src/stm32f4xx_it.o
                0x00000000080018ce                HardFault_Handler
 .text.MemManage_Handler
                0x00000000080018d4        0x6 Core/Src/stm32f4xx_it.o
                0x00000000080018d4                MemManage_Handler
 .text.BusFault_Handler
                0x00000000080018da        0x6 Core/Src/stm32f4xx_it.o
                0x00000000080018da                BusFault_Handler
 .text.UsageFault_Handler
                0x00000000080018e0        0x6 Core/Src/stm32f4xx_it.o
                0x00000000080018e0                UsageFault_Handler
 .text.SVC_Handler
                0x00000000080018e6        0xe Core/Src/stm32f4xx_it.o
                0x00000000080018e6                SVC_Handler
 .text.DebugMon_Handler
                0x00000000080018f4        0xe Core/Src/stm32f4xx_it.o
                0x00000000080018f4                DebugMon_Handler
 .text.PendSV_Handler
                0x0000000008001902        0xe Core/Src/stm32f4xx_it.o
                0x0000000008001902                PendSV_Handler
 .text.SysTick_Handler
                0x0000000008001910        0xc Core/Src/stm32f4xx_it.o
                0x0000000008001910                SysTick_Handler
 .text.DMA1_Stream5_IRQHandler
                0x000000000800191c       0x14 Core/Src/stm32f4xx_it.o
                0x000000000800191c                DMA1_Stream5_IRQHandler
 .text.USART2_IRQHandler
                0x0000000008001930       0x18 Core/Src/stm32f4xx_it.o
                0x0000000008001930                USART2_IRQHandler
 .text.SystemInit
                0x0000000008001948       0x2c Core/Src/system_stm32f4xx.o
                0x0000000008001948                SystemInit
 .text.MX_USART2_UART_Init
                0x0000000008001974       0x54 Core/Src/usart.o
                0x0000000008001974                MX_USART2_UART_Init
 .text.HAL_UART_MspInit
                0x00000000080019c8      0x104 Core/Src/usart.o
                0x00000000080019c8                HAL_UART_MspInit
 .text.Reset_Handler
                0x0000000008001acc       0x50 Core/Startup/startup_stm32f401retx.o
                0x0000000008001acc                Reset_Handler
 .text.Default_Handler
                0x0000000008001b1c        0x2 Core/Startup/startup_stm32f401retx.o
                0x0000000008001b1c                RTC_Alarm_IRQHandler
                0x0000000008001b1c                EXTI2_IRQHandler
                0x0000000008001b1c                SPI4_IRQHandler
                0x0000000008001b1c                TIM1_CC_IRQHandler
                0x0000000008001b1c                DMA2_Stream5_IRQHandler
                0x0000000008001b1c                PVD_IRQHandler
                0x0000000008001b1c                SDIO_IRQHandler
                0x0000000008001b1c                TAMP_STAMP_IRQHandler
                0x0000000008001b1c                EXTI3_IRQHandler
                0x0000000008001b1c                TIM1_UP_TIM10_IRQHandler
                0x0000000008001b1c                I2C3_ER_IRQHandler
                0x0000000008001b1c                EXTI0_IRQHandler
                0x0000000008001b1c                I2C2_EV_IRQHandler
                0x0000000008001b1c                DMA1_Stream2_IRQHandler
                0x0000000008001b1c                FPU_IRQHandler
                0x0000000008001b1c                DMA2_Stream2_IRQHandler
                0x0000000008001b1c                SPI1_IRQHandler
                0x0000000008001b1c                TIM1_BRK_TIM9_IRQHandler
                0x0000000008001b1c                DMA2_Stream3_IRQHandler
                0x0000000008001b1c                USART6_IRQHandler
                0x0000000008001b1c                DMA2_Stream0_IRQHandler
                0x0000000008001b1c                TIM4_IRQHandler
                0x0000000008001b1c                I2C1_EV_IRQHandler
                0x0000000008001b1c                DMA1_Stream6_IRQHandler
                0x0000000008001b1c                DMA1_Stream1_IRQHandler
                0x0000000008001b1c                TIM3_IRQHandler
                0x0000000008001b1c                RCC_IRQHandler
                0x0000000008001b1c                Default_Handler
                0x0000000008001b1c                EXTI15_10_IRQHandler
                0x0000000008001b1c                ADC_IRQHandler
                0x0000000008001b1c                DMA1_Stream7_IRQHandler
                0x0000000008001b1c                TIM5_IRQHandler
                0x0000000008001b1c                DMA2_Stream7_IRQHandler
                0x0000000008001b1c                I2C3_EV_IRQHandler
                0x0000000008001b1c                EXTI9_5_IRQHandler
                0x0000000008001b1c                RTC_WKUP_IRQHandler
                0x0000000008001b1c                SPI2_IRQHandler
                0x0000000008001b1c                DMA1_Stream0_IRQHandler
                0x0000000008001b1c                EXTI4_IRQHandler
                0x0000000008001b1c                WWDG_IRQHandler
                0x0000000008001b1c                TIM2_IRQHandler
                0x0000000008001b1c                OTG_FS_WKUP_IRQHandler
                0x0000000008001b1c                TIM1_TRG_COM_TIM11_IRQHandler
                0x0000000008001b1c                EXTI1_IRQHandler
                0x0000000008001b1c                I2C2_ER_IRQHandler
                0x0000000008001b1c                DMA2_Stream1_IRQHandler
                0x0000000008001b1c                FLASH_IRQHandler
                0x0000000008001b1c                DMA2_Stream4_IRQHandler
                0x0000000008001b1c                USART1_IRQHandler
                0x0000000008001b1c                OTG_FS_IRQHandler
                0x0000000008001b1c                SPI3_IRQHandler
                0x0000000008001b1c                DMA1_Stream4_IRQHandler
                0x0000000008001b1c                I2C1_ER_IRQHandler
                0x0000000008001b1c                DMA2_Stream6_IRQHandler
                0x0000000008001b1c                DMA1_Stream3_IRQHandler
 *fill*         0x0000000008001b1e        0x2 
 .text.HAL_Init
                0x0000000008001b20       0x44 Drivers/STM32F4xx_HAL_Driver/Src/stm32f4xx_hal.o
                0x0000000008001b20                HAL_Init
 .text.HAL_InitTick
                0x0000000008001b64       0x60 Drivers/STM32F4xx_HAL_Driver/Src/stm32f4xx_hal.o
                0x0000000008001b64                HAL_InitTick
 .text.HAL_IncTick
                0x0000000008001bc4       0x28 Drivers/STM32F4xx_HAL_Driver/Src/stm32f4xx_hal.o
                0x0000000008001bc4                HAL_IncTick
 .text.HAL_GetTick
                0x0000000008001bec       0x18 Drivers/STM32F4xx_HAL_Driver/Src/stm32f4xx_hal.o
                0x0000000008001bec                HAL_GetTick
 .text.HAL_Delay
                0x0000000008001c04       0x44 Drivers/STM32F4xx_HAL_Driver/Src/stm32f4xx_hal.o
                0x0000000008001c04                HAL_Delay
 .text.__NVIC_SetPriorityGrouping
                0x0000000008001c48       0x48 Drivers/STM32F4xx_HAL_Driver/Src/stm32f4xx_hal_cortex.o
 .text.__NVIC_GetPriorityGrouping
                0x0000000008001c90       0x1c Drivers/STM32F4xx_HAL_Driver/Src/stm32f4xx_hal_cortex.o
 .text.__NVIC_EnableIRQ
                0x0000000008001cac       0x3c Drivers/STM32F4xx_HAL_Driver/Src/stm32f4xx_hal_cortex.o
 .text.__NVIC_SetPriority
                0x0000000008001ce8       0x54 Drivers/STM32F4xx_HAL_Driver/Src/stm32f4xx_hal_cortex.o
 .text.NVIC_EncodePriority
                0x0000000008001d3c       0x66 Drivers/STM32F4xx_HAL_Driver/Src/stm32f4xx_hal_cortex.o
 *fill*         0x0000000008001da2        0x2 
 .text.SysTick_Config
                0x0000000008001da4       0x44 Drivers/STM32F4xx_HAL_Driver/Src/stm32f4xx_hal_cortex.o
 .text.HAL_NVIC_SetPriorityGrouping
                0x0000000008001de8       0x16 Drivers/STM32F4xx_HAL_Driver/Src/stm32f4xx_hal_cortex.o
                0x0000000008001de8                HAL_NVIC_SetPriorityGrouping
 .text.HAL_NVIC_SetPriority
                0x0000000008001dfe       0x38 Drivers/STM32F4xx_HAL_Driver/Src/stm32f4xx_hal_cortex.o
                0x0000000008001dfe                HAL_NVIC_SetPriority
 .text.HAL_NVIC_EnableIRQ
                0x0000000008001e36       0x1c Drivers/STM32F4xx_HAL_Driver/Src/stm32f4xx_hal_cortex.o
                0x0000000008001e36                HAL_NVIC_EnableIRQ
 .text.HAL_SYSTICK_Config
                0x0000000008001e52       0x18 Drivers/STM32F4xx_HAL_Driver/Src/stm32f4xx_hal_cortex.o
                0x0000000008001e52                HAL_SYSTICK_Config
 *fill*         0x0000000008001e6a        0x2 
 .text.HAL_DMA_Init
                0x0000000008001e6c      0x15c Drivers/STM32F4xx_HAL_Driver/Src/stm32f4xx_hal_dma.o
                0x0000000008001e6c                HAL_DMA_Init
 .text.HAL_DMA_Start_IT
                0x0000000008001fc8       0xb0 Drivers/STM32F4xx_HAL_Driver/Src/stm32f4xx_hal_dma.o
                0x0000000008001fc8                HAL_DMA_Start_IT
 .text.HAL_DMA_Abort_IT
                0x0000000008002078       0x44 Drivers/STM32F4xx_HAL_Driver/Src/stm32f4xx_hal_dma.o
                0x0000000008002078                HAL_DMA_Abort_IT
 .text.DMA_SetConfig
                0x00000000080020bc       0x5c Drivers/STM32F4xx_HAL_Driver/Src/stm32f4xx_hal_dma.o
 .text.DMA_CalcBaseAndBitshift
                0x0000000008002118       0x6c Drivers/STM32F4xx_HAL_Driver/Src/stm32f4xx_hal_dma.o
 .text.DMA_CheckFifoParam
                0x0000000008002184       0xf4 Drivers/STM32F4xx_HAL_Driver/Src/stm32f4xx_hal_dma.o
 .text.HAL_GPIO_Init
                0x0000000008002278      0x304 Drivers/STM32F4xx_HAL_Driver/Src/stm32f4xx_hal_gpio.o
                0x0000000008002278                HAL_GPIO_Init
 .text.HAL_GPIO_WritePin
                0x000000000800257c       0x32 Drivers/STM32F4xx_HAL_Driver/Src/stm32f4xx_hal_gpio.o
                0x000000000800257c                HAL_GPIO_WritePin
 *fill*         0x00000000080025ae        0x2 
 .text.HAL_RCC_OscConfig
                0x00000000080025b0      0x4e0 Drivers/STM32F4xx_HAL_Driver/Src/stm32f4xx_hal_rcc.o
                0x00000000080025b0                HAL_RCC_OscConfig
 .text.HAL_RCC_ClockConfig
                0x0000000008002a90      0x1cc Drivers/STM32F4xx_HAL_Driver/Src/stm32f4xx_hal_rcc.o
                0x0000000008002a90                HAL_RCC_ClockConfig
 .text.HAL_RCC_GetSysClockFreq
                0x0000000008002c5c      0x1b0 Drivers/STM32F4xx_HAL_Driver/Src/stm32f4xx_hal_rcc.o
                0x0000000008002c5c                HAL_RCC_GetSysClockFreq
 .text.HAL_RCC_GetHCLKFreq
                0x0000000008002e0c       0x18 Drivers/STM32F4xx_HAL_Driver/Src/stm32f4xx_hal_rcc.o
                0x0000000008002e0c                HAL_RCC_GetHCLKFreq
 .text.HAL_RCC_GetPCLK1Freq
                0x0000000008002e24       0x28 Drivers/STM32F4xx_HAL_Driver/Src/stm32f4xx_hal_rcc.o
                0x0000000008002e24                HAL_RCC_GetPCLK1Freq
 .text.HAL_RCC_GetPCLK2Freq
                0x0000000008002e4c       0x28 Drivers/STM32F4xx_HAL_Driver/Src/stm32f4xx_hal_rcc.o
                0x0000000008002e4c                HAL_RCC_GetPCLK2Freq
 .text.HAL_SPI_Init
                0x0000000008002e74       0xc8 Drivers/STM32F4xx_HAL_Driver/Src/stm32f4xx_hal_spi.o
                0x0000000008002e74                HAL_SPI_Init
 .text.HAL_SPI_Transmit
                0x0000000008002f3c      0x268 Drivers/STM32F4xx_HAL_Driver/Src/stm32f4xx_hal_spi.o
                0x0000000008002f3c                HAL_SPI_Transmit
 .text.SPI_WaitFlagStateUntilTimeout
                0x00000000080031a4       0xd4 Drivers/STM32F4xx_HAL_Driver/Src/stm32f4xx_hal_spi.o
 .text.SPI_EndRxTxTransaction
                0x0000000008003278       0x84 Drivers/STM32F4xx_HAL_Driver/Src/stm32f4xx_hal_spi.o
 .text.HAL_UART_Init
                0x00000000080032fc       0x9a Drivers/STM32F4xx_HAL_Driver/Src/stm32f4xx_hal_uart.o
                0x00000000080032fc                HAL_UART_Init
 *fill*         0x0000000008003396        0x2 
 .text.HAL_UART_Receive_DMA
                0x0000000008003398      0x100 Drivers/STM32F4xx_HAL_Driver/Src/stm32f4xx_hal_uart.o
                0x0000000008003398                HAL_UART_Receive_DMA
 .text.HAL_UART_IRQHandler
                0x0000000008003498      0x200 Drivers/STM32F4xx_HAL_Driver/Src/stm32f4xx_hal_uart.o
                0x0000000008003498                HAL_UART_IRQHandler
 .text.HAL_UART_TxCpltCallback
                0x0000000008003698       0x14 Drivers/STM32F4xx_HAL_Driver/Src/stm32f4xx_hal_uart.o
                0x0000000008003698                HAL_UART_TxCpltCallback
 .text.HAL_UART_RxCpltCallback
                0x00000000080036ac       0x14 Drivers/STM32F4xx_HAL_Driver/Src/stm32f4xx_hal_uart.o
                0x00000000080036ac                HAL_UART_RxCpltCallback
 .text.HAL_UART_RxHalfCpltCallback
                0x00000000080036c0       0x14 Drivers/STM32F4xx_HAL_Driver/Src/stm32f4xx_hal_uart.o
                0x00000000080036c0                HAL_UART_RxHalfCpltCallback
 .text.HAL_UART_ErrorCallback
                0x00000000080036d4       0x14 Drivers/STM32F4xx_HAL_Driver/Src/stm32f4xx_hal_uart.o
                0x00000000080036d4                HAL_UART_ErrorCallback
 .text.UART_DMAReceiveCplt
                0x00000000080036e8       0x68 Drivers/STM32F4xx_HAL_Driver/Src/stm32f4xx_hal_uart.o
 .text.UART_DMARxHalfCplt
                0x0000000008003750       0x1c Drivers/STM32F4xx_HAL_Driver/Src/stm32f4xx_hal_uart.o
 .text.UART_DMAError
                0x000000000800376c       0x94 Drivers/STM32F4xx_HAL_Driver/Src/stm32f4xx_hal_uart.o
 .text.UART_EndTxTransfer
                0x0000000008003800       0x2c Drivers/STM32F4xx_HAL_Driver/Src/stm32f4xx_hal_uart.o
 .text.UART_EndRxTransfer
                0x000000000800382c       0x3c Drivers/STM32F4xx_HAL_Driver/Src/stm32f4xx_hal_uart.o
 .text.UART_DMAAbortOnError
                0x0000000008003868       0x28 Drivers/STM32F4xx_HAL_Driver/Src/stm32f4xx_hal_uart.o
 .text.UART_Transmit_IT
                0x0000000008003890       0xac Drivers/STM32F4xx_HAL_Driver/Src/stm32f4xx_hal_uart.o
 .text.UART_EndTransmit_IT
                0x000000000800393c       0x30 Drivers/STM32F4xx_HAL_Driver/Src/stm32f4xx_hal_uart.o
 .text.UART_Receive_IT
                0x000000000800396c      0x102 Drivers/STM32F4xx_HAL_Driver/Src/stm32f4xx_hal_uart.o
 *fill*         0x0000000008003a6e        0x2 
 .text.UART_SetConfig
                0x0000000008003a70      0x6f8 Drivers/STM32F4xx_HAL_Driver/Src/stm32f4xx_hal_uart.o
 .text.__libc_init_array
                0x0000000008004168       0x48 c:/program files/stm32cubeide_1.5.1/stm32cubeide/plugins/com.st.stm32cube.ide.mcu.externaltools.gnu-tools-for-stm32.7-2018-q2-update.win32_1.5.0.202011040924/tools/bin/../lib/gcc/arm-none-eabi/7.3.1/../../../../arm-none-eabi/lib/thumb/v7e-m/fpv4-sp/hard\libc_nano.a(lib_a-init.o)
                0x0000000008004168                __libc_init_array
 .text.memcpy   0x00000000080041b0       0x16 c:/program files/stm32cubeide_1.5.1/stm32cubeide/plugins/com.st.stm32cube.ide.mcu.externaltools.gnu-tools-for-stm32.7-2018-q2-update.win32_1.5.0.202011040924/tools/bin/../lib/gcc/arm-none-eabi/7.3.1/../../../../arm-none-eabi/lib/thumb/v7e-m/fpv4-sp/hard\libc_nano.a(lib_a-memcpy-stub.o)
                0x00000000080041b0                memcpy
 .text.memset   0x00000000080041c6       0x10 c:/program files/stm32cubeide_1.5.1/stm32cubeide/plugins/com.st.stm32cube.ide.mcu.externaltools.gnu-tools-for-stm32.7-2018-q2-update.win32_1.5.0.202011040924/tools/bin/../lib/gcc/arm-none-eabi/7.3.1/../../../../arm-none-eabi/lib/thumb/v7e-m/fpv4-sp/hard\libc_nano.a(lib_a-memset.o)
                0x00000000080041c6                memset
 *(.glue_7)
 .glue_7        0x00000000080041d6        0x0 linker stubs
 *(.glue_7t)
 .glue_7t       0x00000000080041d6        0x0 linker stubs
 *(.eh_frame)
 *fill*         0x00000000080041d6        0x2 
 .eh_frame      0x00000000080041d8        0x0 c:/program files/stm32cubeide_1.5.1/stm32cubeide/plugins/com.st.stm32cube.ide.mcu.externaltools.gnu-tools-for-stm32.7-2018-q2-update.win32_1.5.0.202011040924/tools/bin/../lib/gcc/arm-none-eabi/7.3.1/thumb/v7e-m/fpv4-sp/hard/crtbegin.o
 *(.init)
 .init          0x00000000080041d8        0x4 c:/program files/stm32cubeide_1.5.1/stm32cubeide/plugins/com.st.stm32cube.ide.mcu.externaltools.gnu-tools-for-stm32.7-2018-q2-update.win32_1.5.0.202011040924/tools/bin/../lib/gcc/arm-none-eabi/7.3.1/thumb/v7e-m/fpv4-sp/hard/crti.o
                0x00000000080041d8                _init
 .init          0x00000000080041dc        0x8 c:/program files/stm32cubeide_1.5.1/stm32cubeide/plugins/com.st.stm32cube.ide.mcu.externaltools.gnu-tools-for-stm32.7-2018-q2-update.win32_1.5.0.202011040924/tools/bin/../lib/gcc/arm-none-eabi/7.3.1/thumb/v7e-m/fpv4-sp/hard/crtn.o
 *(.fini)
 .fini          0x00000000080041e4        0x4 c:/program files/stm32cubeide_1.5.1/stm32cubeide/plugins/com.st.stm32cube.ide.mcu.externaltools.gnu-tools-for-stm32.7-2018-q2-update.win32_1.5.0.202011040924/tools/bin/../lib/gcc/arm-none-eabi/7.3.1/thumb/v7e-m/fpv4-sp/hard/crti.o
                0x00000000080041e4                _fini
 .fini          0x00000000080041e8        0x8 c:/program files/stm32cubeide_1.5.1/stm32cubeide/plugins/com.st.stm32cube.ide.mcu.externaltools.gnu-tools-for-stm32.7-2018-q2-update.win32_1.5.0.202011040924/tools/bin/../lib/gcc/arm-none-eabi/7.3.1/thumb/v7e-m/fpv4-sp/hard/crtn.o
                0x00000000080041f0                . = ALIGN (0x4)
                0x00000000080041f0                _etext = .

.vfp11_veneer   0x00000000080041f0        0x0
 .vfp11_veneer  0x00000000080041f0        0x0 linker stubs

.v4_bx          0x00000000080041f0        0x0
 .v4_bx         0x00000000080041f0        0x0 linker stubs

.iplt           0x00000000080041f0        0x0
 .iplt          0x00000000080041f0        0x0 c:/program files/stm32cubeide_1.5.1/stm32cubeide/plugins/com.st.stm32cube.ide.mcu.externaltools.gnu-tools-for-stm32.7-2018-q2-update.win32_1.5.0.202011040924/tools/bin/../lib/gcc/arm-none-eabi/7.3.1/thumb/v7e-m/fpv4-sp/hard/crtbegin.o

.rodata         0x00000000080041f0      0xcb0
                0x00000000080041f0                . = ALIGN (0x4)
 *(.rodata)
 *(.rodata*)
 .rodata.FALCON_DED_FONT_CHAR_32
                0x00000000080041f0       0x16 Core/Src/ssd1322.o
                0x00000000080041f0                FALCON_DED_FONT_CHAR_32
 *fill*         0x0000000008004206        0x2 
 .rodata.FALCON_DED_FONT_CHAR_33
                0x0000000008004208       0x16 Core/Src/ssd1322.o
                0x0000000008004208                FALCON_DED_FONT_CHAR_33
 *fill*         0x000000000800421e        0x2 
 .rodata.FALCON_DED_FONT_CHAR_34
                0x0000000008004220       0x16 Core/Src/ssd1322.o
                0x0000000008004220                FALCON_DED_FONT_CHAR_34
 *fill*         0x0000000008004236        0x2 
 .rodata.FALCON_DED_FONT_CHAR_35
                0x0000000008004238       0x16 Core/Src/ssd1322.o
                0x0000000008004238                FALCON_DED_FONT_CHAR_35
 *fill*         0x000000000800424e        0x2 
 .rodata.FALCON_DED_FONT_CHAR_36
                0x0000000008004250       0x16 Core/Src/ssd1322.o
                0x0000000008004250                FALCON_DED_FONT_CHAR_36
 *fill*         0x0000000008004266        0x2 
 .rodata.FALCON_DED_FONT_CHAR_37
                0x0000000008004268       0x16 Core/Src/ssd1322.o
                0x0000000008004268                FALCON_DED_FONT_CHAR_37
 *fill*         0x000000000800427e        0x2 
 .rodata.FALCON_DED_FONT_CHAR_38
                0x0000000008004280       0x16 Core/Src/ssd1322.o
                0x0000000008004280                FALCON_DED_FONT_CHAR_38
 *fill*         0x0000000008004296        0x2 
 .rodata.FALCON_DED_FONT_CHAR_39
                0x0000000008004298       0x16 Core/Src/ssd1322.o
                0x0000000008004298                FALCON_DED_FONT_CHAR_39
 *fill*         0x00000000080042ae        0x2 
 .rodata.FALCON_DED_FONT_CHAR_40
                0x00000000080042b0       0x16 Core/Src/ssd1322.o
                0x00000000080042b0                FALCON_DED_FONT_CHAR_40
 *fill*         0x00000000080042c6        0x2 
 .rodata.FALCON_DED_FONT_CHAR_41
                0x00000000080042c8       0x16 Core/Src/ssd1322.o
                0x00000000080042c8                FALCON_DED_FONT_CHAR_41
 *fill*         0x00000000080042de        0x2 
 .rodata.FALCON_DED_FONT_CHAR_42
                0x00000000080042e0       0x16 Core/Src/ssd1322.o
                0x00000000080042e0                FALCON_DED_FONT_CHAR_42
 *fill*         0x00000000080042f6        0x2 
 .rodata.FALCON_DED_FONT_CHAR_43
                0x00000000080042f8       0x16 Core/Src/ssd1322.o
                0x00000000080042f8                FALCON_DED_FONT_CHAR_43
 *fill*         0x000000000800430e        0x2 
 .rodata.FALCON_DED_FONT_CHAR_44
                0x0000000008004310       0x16 Core/Src/ssd1322.o
                0x0000000008004310                FALCON_DED_FONT_CHAR_44
 *fill*         0x0000000008004326        0x2 
 .rodata.FALCON_DED_FONT_CHAR_45
                0x0000000008004328       0x16 Core/Src/ssd1322.o
                0x0000000008004328                FALCON_DED_FONT_CHAR_45
 *fill*         0x000000000800433e        0x2 
 .rodata.FALCON_DED_FONT_CHAR_46
                0x0000000008004340       0x16 Core/Src/ssd1322.o
                0x0000000008004340                FALCON_DED_FONT_CHAR_46
 *fill*         0x0000000008004356        0x2 
 .rodata.FALCON_DED_FONT_CHAR_47
                0x0000000008004358       0x16 Core/Src/ssd1322.o
                0x0000000008004358                FALCON_DED_FONT_CHAR_47
 *fill*         0x000000000800436e        0x2 
 .rodata.FALCON_DED_FONT_CHAR_48
                0x0000000008004370       0x16 Core/Src/ssd1322.o
                0x0000000008004370                FALCON_DED_FONT_CHAR_48
 *fill*         0x0000000008004386        0x2 
 .rodata.FALCON_DED_FONT_CHAR_49
                0x0000000008004388       0x16 Core/Src/ssd1322.o
                0x0000000008004388                FALCON_DED_FONT_CHAR_49
 *fill*         0x000000000800439e        0x2 
 .rodata.FALCON_DED_FONT_CHAR_50
                0x00000000080043a0       0x16 Core/Src/ssd1322.o
                0x00000000080043a0                FALCON_DED_FONT_CHAR_50
 *fill*         0x00000000080043b6        0x2 
 .rodata.FALCON_DED_FONT_CHAR_51
                0x00000000080043b8       0x16 Core/Src/ssd1322.o
                0x00000000080043b8                FALCON_DED_FONT_CHAR_51
 *fill*         0x00000000080043ce        0x2 
 .rodata.FALCON_DED_FONT_CHAR_52
                0x00000000080043d0       0x16 Core/Src/ssd1322.o
                0x00000000080043d0                FALCON_DED_FONT_CHAR_52
 *fill*         0x00000000080043e6        0x2 
 .rodata.FALCON_DED_FONT_CHAR_53
                0x00000000080043e8       0x16 Core/Src/ssd1322.o
                0x00000000080043e8                FALCON_DED_FONT_CHAR_53
 *fill*         0x00000000080043fe        0x2 
 .rodata.FALCON_DED_FONT_CHAR_54
                0x0000000008004400       0x16 Core/Src/ssd1322.o
                0x0000000008004400                FALCON_DED_FONT_CHAR_54
 *fill*         0x0000000008004416        0x2 
 .rodata.FALCON_DED_FONT_CHAR_55
                0x0000000008004418       0x16 Core/Src/ssd1322.o
                0x0000000008004418                FALCON_DED_FONT_CHAR_55
 *fill*         0x000000000800442e        0x2 
 .rodata.FALCON_DED_FONT_CHAR_56
                0x0000000008004430       0x16 Core/Src/ssd1322.o
                0x0000000008004430                FALCON_DED_FONT_CHAR_56
 *fill*         0x0000000008004446        0x2 
 .rodata.FALCON_DED_FONT_CHAR_57
                0x0000000008004448       0x16 Core/Src/ssd1322.o
                0x0000000008004448                FALCON_DED_FONT_CHAR_57
 *fill*         0x000000000800445e        0x2 
 .rodata.FALCON_DED_FONT_CHAR_58
                0x0000000008004460       0x16 Core/Src/ssd1322.o
                0x0000000008004460                FALCON_DED_FONT_CHAR_58
 *fill*         0x0000000008004476        0x2 
 .rodata.FALCON_DED_FONT_CHAR_59
                0x0000000008004478       0x16 Core/Src/ssd1322.o
                0x0000000008004478                FALCON_DED_FONT_CHAR_59
 *fill*         0x000000000800448e        0x2 
 .rodata.FALCON_DED_FONT_CHAR_60
                0x0000000008004490       0x16 Core/Src/ssd1322.o
                0x0000000008004490                FALCON_DED_FONT_CHAR_60
 *fill*         0x00000000080044a6        0x2 
 .rodata.FALCON_DED_FONT_CHAR_61
                0x00000000080044a8       0x16 Core/Src/ssd1322.o
                0x00000000080044a8                FALCON_DED_FONT_CHAR_61
 *fill*         0x00000000080044be        0x2 
 .rodata.FALCON_DED_FONT_CHAR_62
                0x00000000080044c0       0x16 Core/Src/ssd1322.o
                0x00000000080044c0                FALCON_DED_FONT_CHAR_62
 *fill*         0x00000000080044d6        0x2 
 .rodata.FALCON_DED_FONT_CHAR_63
                0x00000000080044d8       0x16 Core/Src/ssd1322.o
                0x00000000080044d8                FALCON_DED_FONT_CHAR_63
 *fill*         0x00000000080044ee        0x2 
 .rodata.FALCON_DED_FONT_CHAR_64
                0x00000000080044f0       0x16 Core/Src/ssd1322.o
                0x00000000080044f0                FALCON_DED_FONT_CHAR_64
 *fill*         0x0000000008004506        0x2 
 .rodata.FALCON_DED_FONT_CHAR_65
                0x0000000008004508       0x16 Core/Src/ssd1322.o
                0x0000000008004508                FALCON_DED_FONT_CHAR_65
 *fill*         0x000000000800451e        0x2 
 .rodata.FALCON_DED_FONT_CHAR_66
                0x0000000008004520       0x16 Core/Src/ssd1322.o
                0x0000000008004520                FALCON_DED_FONT_CHAR_66
 *fill*         0x0000000008004536        0x2 
 .rodata.FALCON_DED_FONT_CHAR_67
                0x0000000008004538       0x16 Core/Src/ssd1322.o
                0x0000000008004538                FALCON_DED_FONT_CHAR_67
 *fill*         0x000000000800454e        0x2 
 .rodata.FALCON_DED_FONT_CHAR_68
                0x0000000008004550       0x16 Core/Src/ssd1322.o
                0x0000000008004550                FALCON_DED_FONT_CHAR_68
 *fill*         0x0000000008004566        0x2 
 .rodata.FALCON_DED_FONT_CHAR_69
                0x0000000008004568       0x16 Core/Src/ssd1322.o
                0x0000000008004568                FALCON_DED_FONT_CHAR_69
 *fill*         0x000000000800457e        0x2 
 .rodata.FALCON_DED_FONT_CHAR_70
                0x0000000008004580       0x16 Core/Src/ssd1322.o
                0x0000000008004580                FALCON_DED_FONT_CHAR_70
 *fill*         0x0000000008004596        0x2 
 .rodata.FALCON_DED_FONT_CHAR_71
                0x0000000008004598       0x16 Core/Src/ssd1322.o
                0x0000000008004598                FALCON_DED_FONT_CHAR_71
 *fill*         0x00000000080045ae        0x2 
 .rodata.FALCON_DED_FONT_CHAR_72
                0x00000000080045b0       0x16 Core/Src/ssd1322.o
                0x00000000080045b0                FALCON_DED_FONT_CHAR_72
 *fill*         0x00000000080045c6        0x2 
 .rodata.FALCON_DED_FONT_CHAR_73
                0x00000000080045c8       0x16 Core/Src/ssd1322.o
                0x00000000080045c8                FALCON_DED_FONT_CHAR_73
 *fill*         0x00000000080045de        0x2 
 .rodata.FALCON_DED_FONT_CHAR_74
                0x00000000080045e0       0x16 Core/Src/ssd1322.o
                0x00000000080045e0                FALCON_DED_FONT_CHAR_74
 *fill*         0x00000000080045f6        0x2 
 .rodata.FALCON_DED_FONT_CHAR_75
                0x00000000080045f8       0x16 Core/Src/ssd1322.o
                0x00000000080045f8                FALCON_DED_FONT_CHAR_75
 *fill*         0x000000000800460e        0x2 
 .rodata.FALCON_DED_FONT_CHAR_76
                0x0000000008004610       0x16 Core/Src/ssd1322.o
                0x0000000008004610                FALCON_DED_FONT_CHAR_76
 *fill*         0x0000000008004626        0x2 
 .rodata.FALCON_DED_FONT_CHAR_77
                0x0000000008004628       0x16 Core/Src/ssd1322.o
                0x0000000008004628                FALCON_DED_FONT_CHAR_77
 *fill*         0x000000000800463e        0x2 
 .rodata.FALCON_DED_FONT_CHAR_78
                0x0000000008004640       0x16 Core/Src/ssd1322.o
                0x0000000008004640                FALCON_DED_FONT_CHAR_78
 *fill*         0x0000000008004656        0x2 
 .rodata.FALCON_DED_FONT_CHAR_79
                0x0000000008004658       0x16 Core/Src/ssd1322.o
                0x0000000008004658                FALCON_DED_FONT_CHAR_79
 *fill*         0x000000000800466e        0x2 
 .rodata.FALCON_DED_FONT_CHAR_80
                0x0000000008004670       0x16 Core/Src/ssd1322.o
                0x0000000008004670                FALCON_DED_FONT_CHAR_80
 *fill*         0x0000000008004686        0x2 
 .rodata.FALCON_DED_FONT_CHAR_81
                0x0000000008004688       0x16 Core/Src/ssd1322.o
                0x0000000008004688                FALCON_DED_FONT_CHAR_81
 *fill*         0x000000000800469e        0x2 
 .rodata.FALCON_DED_FONT_CHAR_82
                0x00000000080046a0       0x16 Core/Src/ssd1322.o
                0x00000000080046a0                FALCON_DED_FONT_CHAR_82
 *fill*         0x00000000080046b6        0x2 
 .rodata.FALCON_DED_FONT_CHAR_83
                0x00000000080046b8       0x16 Core/Src/ssd1322.o
                0x00000000080046b8                FALCON_DED_FONT_CHAR_83
 *fill*         0x00000000080046ce        0x2 
 .rodata.FALCON_DED_FONT_CHAR_84
                0x00000000080046d0       0x16 Core/Src/ssd1322.o
                0x00000000080046d0                FALCON_DED_FONT_CHAR_84
 *fill*         0x00000000080046e6        0x2 
 .rodata.FALCON_DED_FONT_CHAR_85
                0x00000000080046e8       0x16 Core/Src/ssd1322.o
                0x00000000080046e8                FALCON_DED_FONT_CHAR_85
 *fill*         0x00000000080046fe        0x2 
 .rodata.FALCON_DED_FONT_CHAR_86
                0x0000000008004700       0x16 Core/Src/ssd1322.o
                0x0000000008004700                FALCON_DED_FONT_CHAR_86
 *fill*         0x0000000008004716        0x2 
 .rodata.FALCON_DED_FONT_CHAR_87
                0x0000000008004718       0x16 Core/Src/ssd1322.o
                0x0000000008004718                FALCON_DED_FONT_CHAR_87
 *fill*         0x000000000800472e        0x2 
 .rodata.FALCON_DED_FONT_CHAR_88
                0x0000000008004730       0x16 Core/Src/ssd1322.o
                0x0000000008004730                FALCON_DED_FONT_CHAR_88
 *fill*         0x0000000008004746        0x2 
 .rodata.FALCON_DED_FONT_CHAR_89
                0x0000000008004748       0x16 Core/Src/ssd1322.o
                0x0000000008004748                FALCON_DED_FONT_CHAR_89
 *fill*         0x000000000800475e        0x2 
 .rodata.FALCON_DED_FONT_CHAR_90
                0x0000000008004760       0x16 Core/Src/ssd1322.o
                0x0000000008004760                FALCON_DED_FONT_CHAR_90
 *fill*         0x0000000008004776        0x2 
 .rodata.FALCON_DED_FONT_CHAR_91
                0x0000000008004778       0x16 Core/Src/ssd1322.o
                0x0000000008004778                FALCON_DED_FONT_CHAR_91
 *fill*         0x000000000800478e        0x2 
 .rodata.FALCON_DED_FONT_CHAR_92
                0x0000000008004790       0x16 Core/Src/ssd1322.o
                0x0000000008004790                FALCON_DED_FONT_CHAR_92
 *fill*         0x00000000080047a6        0x2 
 .rodata.FALCON_DED_FONT_CHAR_93
                0x00000000080047a8       0x16 Core/Src/ssd1322.o
                0x00000000080047a8                FALCON_DED_FONT_CHAR_93
 *fill*         0x00000000080047be        0x2 
 .rodata.FALCON_DED_FONT_CHAR_94
                0x00000000080047c0       0x16 Core/Src/ssd1322.o
                0x00000000080047c0                FALCON_DED_FONT_CHAR_94
 *fill*         0x00000000080047d6        0x2 
 .rodata.FALCON_DED_FONT_CHAR_95
                0x00000000080047d8       0x16 Core/Src/ssd1322.o
                0x00000000080047d8                FALCON_DED_FONT_CHAR_95
 *fill*         0x00000000080047ee        0x2 
 .rodata.FALCON_DED_FONT_CHAR_97
                0x00000000080047f0       0x16 Core/Src/ssd1322.o
                0x00000000080047f0                FALCON_DED_FONT_CHAR_97
 *fill*         0x0000000008004806        0x2 
 .rodata.FALCON_DED_FONT_CHAR_98
                0x0000000008004808       0x16 Core/Src/ssd1322.o
                0x0000000008004808                FALCON_DED_FONT_CHAR_98
 *fill*         0x000000000800481e        0x2 
 .rodata.FALCON_DED_FONT_CHAR_99
                0x0000000008004820       0x16 Core/Src/ssd1322.o
                0x0000000008004820                FALCON_DED_FONT_CHAR_99
 *fill*         0x0000000008004836        0x2 
 .rodata.FALCON_DED_FONT_CHAR_100
                0x0000000008004838       0x16 Core/Src/ssd1322.o
                0x0000000008004838                FALCON_DED_FONT_CHAR_100
 *fill*         0x000000000800484e        0x2 
 .rodata.FALCON_DED_FONT_CHAR_101
                0x0000000008004850       0x16 Core/Src/ssd1322.o
                0x0000000008004850                FALCON_DED_FONT_CHAR_101
 *fill*         0x0000000008004866        0x2 
 .rodata.FALCON_DED_FONT_CHAR_102
                0x0000000008004868       0x16 Core/Src/ssd1322.o
                0x0000000008004868                FALCON_DED_FONT_CHAR_102
 *fill*         0x000000000800487e        0x2 
 .rodata.FALCON_DED_FONT_CHAR_103
                0x0000000008004880       0x16 Core/Src/ssd1322.o
                0x0000000008004880                FALCON_DED_FONT_CHAR_103
 *fill*         0x0000000008004896        0x2 
 .rodata.FALCON_DED_FONT_CHAR_104
                0x0000000008004898       0x16 Core/Src/ssd1322.o
                0x0000000008004898                FALCON_DED_FONT_CHAR_104
 *fill*         0x00000000080048ae        0x2 
 .rodata.FALCON_DED_FONT_CHAR_105
                0x00000000080048b0       0x16 Core/Src/ssd1322.o
                0x00000000080048b0                FALCON_DED_FONT_CHAR_105
 *fill*         0x00000000080048c6        0x2 
 .rodata.FALCON_DED_FONT_CHAR_106
                0x00000000080048c8       0x16 Core/Src/ssd1322.o
                0x00000000080048c8                FALCON_DED_FONT_CHAR_106
 *fill*         0x00000000080048de        0x2 
 .rodata.FALCON_DED_FONT_CHAR_107
                0x00000000080048e0       0x16 Core/Src/ssd1322.o
                0x00000000080048e0                FALCON_DED_FONT_CHAR_107
 *fill*         0x00000000080048f6        0x2 
 .rodata.FALCON_DED_FONT_CHAR_108
                0x00000000080048f8       0x16 Core/Src/ssd1322.o
                0x00000000080048f8                FALCON_DED_FONT_CHAR_108
 *fill*         0x000000000800490e        0x2 
 .rodata.FALCON_DED_FONT_CHAR_109
                0x0000000008004910       0x16 Core/Src/ssd1322.o
                0x0000000008004910                FALCON_DED_FONT_CHAR_109
 *fill*         0x0000000008004926        0x2 
 .rodata.FALCON_DED_FONT_CHAR_110
                0x0000000008004928       0x16 Core/Src/ssd1322.o
                0x0000000008004928                FALCON_DED_FONT_CHAR_110
 *fill*         0x000000000800493e        0x2 
 .rodata.FALCON_DED_FONT_CHAR_111
                0x0000000008004940       0x16 Core/Src/ssd1322.o
                0x0000000008004940                FALCON_DED_FONT_CHAR_111
 *fill*         0x0000000008004956        0x2 
 .rodata.FALCON_DED_FONT_CHAR_112
                0x0000000008004958       0x16 Core/Src/ssd1322.o
                0x0000000008004958                FALCON_DED_FONT_CHAR_112
 *fill*         0x000000000800496e        0x2 
 .rodata.FALCON_DED_FONT_CHAR_113
                0x0000000008004970       0x16 Core/Src/ssd1322.o
                0x0000000008004970                FALCON_DED_FONT_CHAR_113
 *fill*         0x0000000008004986        0x2 
 .rodata.FALCON_DED_FONT_CHAR_114
                0x0000000008004988       0x16 Core/Src/ssd1322.o
                0x0000000008004988                FALCON_DED_FONT_CHAR_114
 *fill*         0x000000000800499e        0x2 
 .rodata.FALCON_DED_FONT_CHAR_115
                0x00000000080049a0       0x16 Core/Src/ssd1322.o
                0x00000000080049a0                FALCON_DED_FONT_CHAR_115
 *fill*         0x00000000080049b6        0x2 
 .rodata.FALCON_DED_FONT_CHAR_116
                0x00000000080049b8       0x16 Core/Src/ssd1322.o
                0x00000000080049b8                FALCON_DED_FONT_CHAR_116
 *fill*         0x00000000080049ce        0x2 
 .rodata.FALCON_DED_FONT_CHAR_117
                0x00000000080049d0       0x16 Core/Src/ssd1322.o
                0x00000000080049d0                FALCON_DED_FONT_CHAR_117
 *fill*         0x00000000080049e6        0x2 
 .rodata.FALCON_DED_FONT_CHAR_118
                0x00000000080049e8       0x16 Core/Src/ssd1322.o
                0x00000000080049e8                FALCON_DED_FONT_CHAR_118
 *fill*         0x00000000080049fe        0x2 
 .rodata.FALCON_DED_FONT_CHAR_119
                0x0000000008004a00       0x16 Core/Src/ssd1322.o
                0x0000000008004a00                FALCON_DED_FONT_CHAR_119
 *fill*         0x0000000008004a16        0x2 
 .rodata.FALCON_DED_FONT_CHAR_120
                0x0000000008004a18       0x16 Core/Src/ssd1322.o
                0x0000000008004a18                FALCON_DED_FONT_CHAR_120
 *fill*         0x0000000008004a2e        0x2 
 .rodata.FALCON_DED_FONT_CHAR_121
                0x0000000008004a30       0x16 Core/Src/ssd1322.o
                0x0000000008004a30                FALCON_DED_FONT_CHAR_121
 *fill*         0x0000000008004a46        0x2 
 .rodata.FALCON_DED_FONT_CHAR_122
                0x0000000008004a48       0x16 Core/Src/ssd1322.o
                0x0000000008004a48                FALCON_DED_FONT_CHAR_122
 *fill*         0x0000000008004a5e        0x2 
 .rodata.FALCON_DED_FONT_CHAR_123
                0x0000000008004a60       0x16 Core/Src/ssd1322.o
                0x0000000008004a60                FALCON_DED_FONT_CHAR_123
 *fill*         0x0000000008004a76        0x2 
 .rodata.FALCON_DED_FONT_CHAR_124
                0x0000000008004a78       0x16 Core/Src/ssd1322.o
                0x0000000008004a78                FALCON_DED_FONT_CHAR_124
 *fill*         0x0000000008004a8e        0x2 
 .rodata.FALCON_DED_FONT_CHAR_125
                0x0000000008004a90       0x16 Core/Src/ssd1322.o
                0x0000000008004a90                FALCON_DED_FONT_CHAR_125
 *fill*         0x0000000008004aa6        0x2 
 .rodata.FALCON_DED_FONT_CHAR_160
                0x0000000008004aa8       0x16 Core/Src/ssd1322.o
                0x0000000008004aa8                FALCON_DED_FONT_CHAR_160
 *fill*         0x0000000008004abe        0x2 
 .rodata.FALCON_DED_FONT_CHAR_161
                0x0000000008004ac0       0x16 Core/Src/ssd1322.o
                0x0000000008004ac0                FALCON_DED_FONT_CHAR_161
 *fill*         0x0000000008004ad6        0x2 
 .rodata.FALCON_DED_FONT_CHAR_162
                0x0000000008004ad8       0x16 Core/Src/ssd1322.o
                0x0000000008004ad8                FALCON_DED_FONT_CHAR_162
 *fill*         0x0000000008004aee        0x2 
 .rodata.FALCON_DED_FONT_CHAR_163
                0x0000000008004af0       0x16 Core/Src/ssd1322.o
                0x0000000008004af0                FALCON_DED_FONT_CHAR_163
 *fill*         0x0000000008004b06        0x2 
 .rodata.FALCON_DED_FONT_CHAR_164
                0x0000000008004b08       0x16 Core/Src/ssd1322.o
                0x0000000008004b08                FALCON_DED_FONT_CHAR_164
 *fill*         0x0000000008004b1e        0x2 
 .rodata.FALCON_DED_FONT_CHAR_166
                0x0000000008004b20       0x16 Core/Src/ssd1322.o
                0x0000000008004b20                FALCON_DED_FONT_CHAR_166
 *fill*         0x0000000008004b36        0x2 
 .rodata.FALCON_DED_FONT_CHAR_168
                0x0000000008004b38       0x16 Core/Src/ssd1322.o
                0x0000000008004b38                FALCON_DED_FONT_CHAR_168
 *fill*         0x0000000008004b4e        0x2 
 .rodata.FALCON_DED_FONT_CHAR_169
                0x0000000008004b50       0x16 Core/Src/ssd1322.o
                0x0000000008004b50                FALCON_DED_FONT_CHAR_169
 *fill*         0x0000000008004b66        0x2 
 .rodata.FALCON_DED_FONT_CHAR_170
                0x0000000008004b68       0x16 Core/Src/ssd1322.o
                0x0000000008004b68                FALCON_DED_FONT_CHAR_170
 *fill*         0x0000000008004b7e        0x2 
 .rodata.FALCON_DED_FONT_CHAR_171
                0x0000000008004b80       0x16 Core/Src/ssd1322.o
                0x0000000008004b80                FALCON_DED_FONT_CHAR_171
 *fill*         0x0000000008004b96        0x2 
 .rodata.FALCON_DED_FONT_CHAR_172
                0x0000000008004b98       0x16 Core/Src/ssd1322.o
                0x0000000008004b98                FALCON_DED_FONT_CHAR_172
 *fill*         0x0000000008004bae        0x2 
 .rodata.FALCON_DED_FONT_CHAR_174
                0x0000000008004bb0       0x16 Core/Src/ssd1322.o
                0x0000000008004bb0                FALCON_DED_FONT_CHAR_174
 *fill*         0x0000000008004bc6        0x2 
 .rodata.FALCON_DED_FONT_CHAR_175
                0x0000000008004bc8       0x16 Core/Src/ssd1322.o
                0x0000000008004bc8                FALCON_DED_FONT_CHAR_175
 *fill*         0x0000000008004bde        0x2 
 .rodata.FALCON_DED_FONT_CHAR_176
                0x0000000008004be0       0x16 Core/Src/ssd1322.o
                0x0000000008004be0                FALCON_DED_FONT_CHAR_176
 *fill*         0x0000000008004bf6        0x2 
 .rodata.FALCON_DED_FONT_CHAR_177
                0x0000000008004bf8       0x16 Core/Src/ssd1322.o
                0x0000000008004bf8                FALCON_DED_FONT_CHAR_177
 *fill*         0x0000000008004c0e        0x2 
 .rodata.FALCON_DED_FONT_CHAR_182
                0x0000000008004c10       0x16 Core/Src/ssd1322.o
                0x0000000008004c10                FALCON_DED_FONT_CHAR_182
 *fill*         0x0000000008004c26        0x2 
 .rodata.FALCON_DED_FONT_CHAR_185
                0x0000000008004c28       0x16 Core/Src/ssd1322.o
                0x0000000008004c28                FALCON_DED_FONT_CHAR_185
 *fill*         0x0000000008004c3e        0x2 
 .rodata.FALCON_DED_FONT_CHAR_186
                0x0000000008004c40       0x16 Core/Src/ssd1322.o
                0x0000000008004c40                FALCON_DED_FONT_CHAR_186
 *fill*         0x0000000008004c56        0x2 
 .rodata.FALCON_DED_FONT_CHAR_187
                0x0000000008004c58       0x16 Core/Src/ssd1322.o
                0x0000000008004c58                FALCON_DED_FONT_CHAR_187
 *fill*         0x0000000008004c6e        0x2 
 .rodata.FALCON_DED_FONT_CHAR_191
                0x0000000008004c70       0x16 Core/Src/ssd1322.o
                0x0000000008004c70                FALCON_DED_FONT_CHAR_191
 *fill*         0x0000000008004c86        0x2 
 .rodata.FALCON_DED_FONT_CHAR_192
                0x0000000008004c88       0x16 Core/Src/ssd1322.o
                0x0000000008004c88                FALCON_DED_FONT_CHAR_192
 *fill*         0x0000000008004c9e        0x2 
 .rodata.FALCON_DED_FONT_CHAR_193
                0x0000000008004ca0       0x16 Core/Src/ssd1322.o
                0x0000000008004ca0                FALCON_DED_FONT_CHAR_193
 *fill*         0x0000000008004cb6        0x2 
 .rodata.FALCON_DED_FONT_CHAR_194
                0x0000000008004cb8       0x16 Core/Src/ssd1322.o
                0x0000000008004cb8                FALCON_DED_FONT_CHAR_194
 *fill*         0x0000000008004cce        0x2 
 .rodata.FALCON_DED_FONT_CHAR_195
                0x0000000008004cd0       0x16 Core/Src/ssd1322.o
                0x0000000008004cd0                FALCON_DED_FONT_CHAR_195
 *fill*         0x0000000008004ce6        0x2 
 .rodata.FALCON_DED_FONT_CHAR_196
                0x0000000008004ce8       0x16 Core/Src/ssd1322.o
                0x0000000008004ce8                FALCON_DED_FONT_CHAR_196
 *fill*         0x0000000008004cfe        0x2 
 .rodata.FALCON_DED_FONT_CHAR_197
                0x0000000008004d00       0x16 Core/Src/ssd1322.o
                0x0000000008004d00                FALCON_DED_FONT_CHAR_197
 *fill*         0x0000000008004d16        0x2 
 .rodata.FALCON_DED_FONT_CHAR_198
                0x0000000008004d18       0x16 Core/Src/ssd1322.o
                0x0000000008004d18                FALCON_DED_FONT_CHAR_198
 *fill*         0x0000000008004d2e        0x2 
 .rodata.FALCON_DED_FONT_CHAR_199
                0x0000000008004d30       0x16 Core/Src/ssd1322.o
                0x0000000008004d30                FALCON_DED_FONT_CHAR_199
 *fill*         0x0000000008004d46        0x2 
 .rodata.FALCON_DED_FONT_CHAR_200
                0x0000000008004d48       0x16 Core/Src/ssd1322.o
                0x0000000008004d48                FALCON_DED_FONT_CHAR_200
 *fill*         0x0000000008004d5e        0x2 
 .rodata.FALCON_DED_FONT_CHAR_201
                0x0000000008004d60       0x16 Core/Src/ssd1322.o
                0x0000000008004d60                FALCON_DED_FONT_CHAR_201
 *fill*         0x0000000008004d76        0x2 
 .rodata.FALCON_DED_FONT_CHAR_215
                0x0000000008004d78       0x16 Core/Src/ssd1322.o
                0x0000000008004d78                FALCON_DED_FONT_CHAR_215
 *fill*         0x0000000008004d8e        0x2 
 .rodata.FALCON_DED_FONT_CHAR_247
                0x0000000008004d90       0x16 Core/Src/ssd1322.o
                0x0000000008004d90                FALCON_DED_FONT_CHAR_247
 *fill*         0x0000000008004da6        0x2 
 .rodata.FALCON_DED_FONT_CHAR_8212
                0x0000000008004da8       0x16 Core/Src/ssd1322.o
                0x0000000008004da8                FALCON_DED_FONT_CHAR_8212
 *fill*         0x0000000008004dbe        0x2 
 .rodata.FALCON_DED_FONT_CHAR_8218
                0x0000000008004dc0       0x16 Core/Src/ssd1322.o
                0x0000000008004dc0                FALCON_DED_FONT_CHAR_8218
 *fill*         0x0000000008004dd6        0x2 
 .rodata.FALCON_DED_FONT_CHAR_8219
                0x0000000008004dd8       0x16 Core/Src/ssd1322.o
                0x0000000008004dd8                FALCON_DED_FONT_CHAR_8219
 *fill*         0x0000000008004dee        0x2 
 .rodata.FALCON_DED_FONT_CHAR_8222
                0x0000000008004df0       0x16 Core/Src/ssd1322.o
                0x0000000008004df0                FALCON_DED_FONT_CHAR_8222
 *fill*         0x0000000008004e06        0x2 
 .rodata.FALCON_DED_FONT_CHAR_8226
                0x0000000008004e08       0x16 Core/Src/ssd1322.o
                0x0000000008004e08                FALCON_DED_FONT_CHAR_8226
 *fill*         0x0000000008004e1e        0x2 
 .rodata.FALCON_DED_FONT_CHAR_8249
                0x0000000008004e20       0x16 Core/Src/ssd1322.o
                0x0000000008004e20                FALCON_DED_FONT_CHAR_8249
 *fill*         0x0000000008004e36        0x2 
 .rodata.FALCON_DED_FONT_CHAR_8250
                0x0000000008004e38       0x16 Core/Src/ssd1322.o
                0x0000000008004e38                FALCON_DED_FONT_CHAR_8250
 *fill*         0x0000000008004e4e        0x2 
 .rodata.FALCON_DED_FONT_CHAR_8364
                0x0000000008004e50       0x16 Core/Src/ssd1322.o
                0x0000000008004e50                FALCON_DED_FONT_CHAR_8364
 *fill*         0x0000000008004e66        0x2 
 .rodata.FALCON_DED_FONT_CHAR_8482
                0x0000000008004e68       0x16 Core/Src/ssd1322.o
                0x0000000008004e68                FALCON_DED_FONT_CHAR_8482
 *fill*         0x0000000008004e7e        0x2 
 .rodata.AHBPrescTable
                0x0000000008004e80       0x10 Core/Src/system_stm32f4xx.o
                0x0000000008004e80                AHBPrescTable
 .rodata.APBPrescTable
                0x0000000008004e90        0x8 Core/Src/system_stm32f4xx.o
                0x0000000008004e90                APBPrescTable
 .rodata.flagBitshiftOffset.7578
                0x0000000008004e98        0x8 Drivers/STM32F4xx_HAL_Driver/Src/stm32f4xx_hal_dma.o
                0x0000000008004ea0                . = ALIGN (0x4)

.ARM.extab      0x0000000008004ea0        0x0
                0x0000000008004ea0                . = ALIGN (0x4)
 *(.ARM.extab* .gnu.linkonce.armextab.*)
                0x0000000008004ea0                . = ALIGN (0x4)

.ARM            0x0000000008004ea0        0x8
                0x0000000008004ea0                . = ALIGN (0x4)
                0x0000000008004ea0                __exidx_start = .
 *(.ARM.exidx*)
 .ARM.exidx     0x0000000008004ea0        0x8 c:/program files/stm32cubeide_1.5.1/stm32cubeide/plugins/com.st.stm32cube.ide.mcu.externaltools.gnu-tools-for-stm32.7-2018-q2-update.win32_1.5.0.202011040924/tools/bin/../lib/gcc/arm-none-eabi/7.3.1/thumb/v7e-m/fpv4-sp/hard\libgcc.a(_udivmoddi4.o)
                0x0000000008004ea8                __exidx_end = .
                0x0000000008004ea8                . = ALIGN (0x4)

.rel.dyn        0x0000000008004ea8        0x0
 .rel.iplt      0x0000000008004ea8        0x0 c:/program files/stm32cubeide_1.5.1/stm32cubeide/plugins/com.st.stm32cube.ide.mcu.externaltools.gnu-tools-for-stm32.7-2018-q2-update.win32_1.5.0.202011040924/tools/bin/../lib/gcc/arm-none-eabi/7.3.1/thumb/v7e-m/fpv4-sp/hard/crtbegin.o

.preinit_array  0x0000000008004ea8        0x0
                0x0000000008004ea8                . = ALIGN (0x4)
                0x0000000008004ea8                PROVIDE (__preinit_array_start = .)
 *(.preinit_array*)
                0x0000000008004ea8                PROVIDE (__preinit_array_end = .)
                0x0000000008004ea8                . = ALIGN (0x4)

.init_array     0x0000000008004ea8        0x4
                0x0000000008004ea8                . = ALIGN (0x4)
                0x0000000008004ea8                PROVIDE (__init_array_start = .)
 *(SORT_BY_NAME(.init_array.*))
 *(.init_array*)
 .init_array    0x0000000008004ea8        0x4 c:/program files/stm32cubeide_1.5.1/stm32cubeide/plugins/com.st.stm32cube.ide.mcu.externaltools.gnu-tools-for-stm32.7-2018-q2-update.win32_1.5.0.202011040924/tools/bin/../lib/gcc/arm-none-eabi/7.3.1/thumb/v7e-m/fpv4-sp/hard/crtbegin.o
                0x0000000008004eac                PROVIDE (__init_array_end = .)
                0x0000000008004eac                . = ALIGN (0x4)

.fini_array     0x0000000008004eac        0x4
                0x0000000008004eac                . = ALIGN (0x4)
                [!provide]                        PROVIDE (__fini_array_start = .)
 *(SORT_BY_NAME(.fini_array.*))
 *(.fini_array*)
 .fini_array    0x0000000008004eac        0x4 c:/program files/stm32cubeide_1.5.1/stm32cubeide/plugins/com.st.stm32cube.ide.mcu.externaltools.gnu-tools-for-stm32.7-2018-q2-update.win32_1.5.0.202011040924/tools/bin/../lib/gcc/arm-none-eabi/7.3.1/thumb/v7e-m/fpv4-sp/hard/crtbegin.o
                [!provide]                        PROVIDE (__fini_array_end = .)
                0x0000000008004eb0                . = ALIGN (0x4)
                0x0000000008004eb0                _sidata = LOADADDR (.data)

.data           0x0000000020000000        0xc load address 0x0000000008004eb0
                0x0000000020000000                . = ALIGN (0x4)
                0x0000000020000000                _sdata = .
 *(.data)
 *(.data*)
 .data.SystemCoreClock
                0x0000000020000000        0x4 Core/Src/system_stm32f4xx.o
                0x0000000020000000                SystemCoreClock
 .data.uwTickPrio
                0x0000000020000004        0x4 Drivers/STM32F4xx_HAL_Driver/Src/stm32f4xx_hal.o
                0x0000000020000004                uwTickPrio
 .data.uwTickFreq
                0x0000000020000008        0x1 Drivers/STM32F4xx_HAL_Driver/Src/stm32f4xx_hal.o
                0x0000000020000008                uwTickFreq
 *(.RamFunc)
 *(.RamFunc*)
                0x000000002000000c                . = ALIGN (0x4)
 *fill*         0x0000000020000009        0x3 
                0x000000002000000c                _edata = .

.igot.plt       0x000000002000000c        0x0 load address 0x0000000008004ebc
 .igot.plt      0x000000002000000c        0x0 c:/program files/stm32cubeide_1.5.1/stm32cubeide/plugins/com.st.stm32cube.ide.mcu.externaltools.gnu-tools-for-stm32.7-2018-q2-update.win32_1.5.0.202011040924/tools/bin/../lib/gcc/arm-none-eabi/7.3.1/thumb/v7e-m/fpv4-sp/hard/crtbegin.o
                0x000000002000000c                . = ALIGN (0x4)

.bss            0x000000002000000c     0x271c load address 0x0000000008004ebc
                0x000000002000000c                _sbss = .
                0x000000002000000c                __bss_start__ = _sbss
 *(.bss)
 .bss           0x000000002000000c       0x1c c:/program files/stm32cubeide_1.5.1/stm32cubeide/plugins/com.st.stm32cube.ide.mcu.externaltools.gnu-tools-for-stm32.7-2018-q2-update.win32_1.5.0.202011040924/tools/bin/../lib/gcc/arm-none-eabi/7.3.1/thumb/v7e-m/fpv4-sp/hard/crtbegin.o
 *(.bss*)
 .bss.buffer    0x0000000020000028     0x2000 Core/Src/ssd1322.o
 *(COMMON)
 COMMON         0x0000000020002028      0x604 Core/Src/main.o
                0x0000000020002028                ComRxBuffer
                0x0000000020002428                ComRxOut
                0x000000002000242a                ComRxIn
                0x000000002000242c                DmaRxBuffer
 COMMON         0x000000002000262c       0x58 Core/Src/spi.o
                0x000000002000262c                hspi3
 COMMON         0x0000000020002684       0xa0 Core/Src/usart.o
                0x0000000020002684                hdma_usart2_rx
                0x00000000200026e4                huart2
 COMMON         0x0000000020002724        0x4 Drivers/STM32F4xx_HAL_Driver/Src/stm32f4xx_hal.o
                0x0000000020002724                uwTick
                0x0000000020002728                . = ALIGN (0x4)
                0x0000000020002728                _ebss = .
                0x0000000020002728                __bss_end__ = _ebss

._user_heap_stack
                0x0000000020002728      0x600 load address 0x0000000008004ebc
                0x0000000020002728                . = ALIGN (0x8)
                [!provide]                        PROVIDE (end = .)
                0x0000000020002728                PROVIDE (_end = .)
                0x0000000020002928                . = (. + _Min_Heap_Size)
 *fill*         0x0000000020002728      0x200 
                0x0000000020002d28                . = (. + _Min_Stack_Size)
 *fill*         0x0000000020002928      0x400 
                0x0000000020002d28                . = ALIGN (0x8)

/DISCARD/
 libc.a(*)
 libm.a(*)
 libgcc.a(*)

.ARM.attributes
                0x0000000000000000       0x30
 *(.ARM.attributes)
 .ARM.attributes
                0x0000000000000000       0x22 c:/program files/stm32cubeide_1.5.1/stm32cubeide/plugins/com.st.stm32cube.ide.mcu.externaltools.gnu-tools-for-stm32.7-2018-q2-update.win32_1.5.0.202011040924/tools/bin/../lib/gcc/arm-none-eabi/7.3.1/thumb/v7e-m/fpv4-sp/hard/crti.o
 .ARM.attributes
                0x0000000000000022       0x34 c:/program files/stm32cubeide_1.5.1/stm32cubeide/plugins/com.st.stm32cube.ide.mcu.externaltools.gnu-tools-for-stm32.7-2018-q2-update.win32_1.5.0.202011040924/tools/bin/../lib/gcc/arm-none-eabi/7.3.1/thumb/v7e-m/fpv4-sp/hard/crtbegin.o
 .ARM.attributes
                0x0000000000000056       0x39 Core/Src/dma.o
 .ARM.attributes
                0x000000000000008f       0x39 Core/Src/gpio.o
 .ARM.attributes
                0x00000000000000c8       0x39 Core/Src/main.o
 .ARM.attributes
                0x0000000000000101       0x39 Core/Src/spi.o
 .ARM.attributes
                0x000000000000013a       0x39 Core/Src/ssd1322.o
 .ARM.attributes
                0x0000000000000173       0x39 Core/Src/stm32f4xx_hal_msp.o
 .ARM.attributes
                0x00000000000001ac       0x39 Core/Src/stm32f4xx_it.o
 .ARM.attributes
                0x00000000000001e5       0x39 Core/Src/system_stm32f4xx.o
 .ARM.attributes
                0x000000000000021e       0x39 Core/Src/usart.o
 .ARM.attributes
                0x0000000000000257       0x21 Core/Startup/startup_stm32f401retx.o
 .ARM.attributes
                0x0000000000000278       0x39 Drivers/STM32F4xx_HAL_Driver/Src/stm32f4xx_hal.o
 .ARM.attributes
                0x00000000000002b1       0x39 Drivers/STM32F4xx_HAL_Driver/Src/stm32f4xx_hal_cortex.o
 .ARM.attributes
                0x00000000000002ea       0x39 Drivers/STM32F4xx_HAL_Driver/Src/stm32f4xx_hal_dma.o
 .ARM.attributes
                0x0000000000000323       0x39 Drivers/STM32F4xx_HAL_Driver/Src/stm32f4xx_hal_gpio.o
 .ARM.attributes
                0x000000000000035c       0x39 Drivers/STM32F4xx_HAL_Driver/Src/stm32f4xx_hal_rcc.o
 .ARM.attributes
                0x0000000000000395       0x39 Drivers/STM32F4xx_HAL_Driver/Src/stm32f4xx_hal_spi.o
 .ARM.attributes
                0x00000000000003ce       0x39 Drivers/STM32F4xx_HAL_Driver/Src/stm32f4xx_hal_uart.o
 .ARM.attributes
                0x0000000000000407       0x34 c:/program files/stm32cubeide_1.5.1/stm32cubeide/plugins/com.st.stm32cube.ide.mcu.externaltools.gnu-tools-for-stm32.7-2018-q2-update.win32_1.5.0.202011040924/tools/bin/../lib/gcc/arm-none-eabi/7.3.1/../../../../arm-none-eabi/lib/thumb/v7e-m/fpv4-sp/hard\libc_nano.a(lib_a-init.o)
 .ARM.attributes
                0x000000000000043b       0x34 c:/program files/stm32cubeide_1.5.1/stm32cubeide/plugins/com.st.stm32cube.ide.mcu.externaltools.gnu-tools-for-stm32.7-2018-q2-update.win32_1.5.0.202011040924/tools/bin/../lib/gcc/arm-none-eabi/7.3.1/../../../../arm-none-eabi/lib/thumb/v7e-m/fpv4-sp/hard\libc_nano.a(lib_a-memcpy-stub.o)
 .ARM.attributes
                0x000000000000046f       0x34 c:/program files/stm32cubeide_1.5.1/stm32cubeide/plugins/com.st.stm32cube.ide.mcu.externaltools.gnu-tools-for-stm32.7-2018-q2-update.win32_1.5.0.202011040924/tools/bin/../lib/gcc/arm-none-eabi/7.3.1/../../../../arm-none-eabi/lib/thumb/v7e-m/fpv4-sp/hard\libc_nano.a(lib_a-memset.o)
 .ARM.attributes
                0x00000000000004a3       0x22 c:/program files/stm32cubeide_1.5.1/stm32cubeide/plugins/com.st.stm32cube.ide.mcu.externaltools.gnu-tools-for-stm32.7-2018-q2-update.win32_1.5.0.202011040924/tools/bin/../lib/gcc/arm-none-eabi/7.3.1/thumb/v7e-m/fpv4-sp/hard\libgcc.a(_aeabi_uldivmod.o)
 .ARM.attributes
                0x00000000000004c5       0x34 c:/program files/stm32cubeide_1.5.1/stm32cubeide/plugins/com.st.stm32cube.ide.mcu.externaltools.gnu-tools-for-stm32.7-2018-q2-update.win32_1.5.0.202011040924/tools/bin/../lib/gcc/arm-none-eabi/7.3.1/thumb/v7e-m/fpv4-sp/hard\libgcc.a(_udivmoddi4.o)
 .ARM.attributes
                0x00000000000004f9       0x22 c:/program files/stm32cubeide_1.5.1/stm32cubeide/plugins/com.st.stm32cube.ide.mcu.externaltools.gnu-tools-for-stm32.7-2018-q2-update.win32_1.5.0.202011040924/tools/bin/../lib/gcc/arm-none-eabi/7.3.1/thumb/v7e-m/fpv4-sp/hard\libgcc.a(_dvmd_tls.o)
 .ARM.attributes
                0x000000000000051b       0x22 c:/program files/stm32cubeide_1.5.1/stm32cubeide/plugins/com.st.stm32cube.ide.mcu.externaltools.gnu-tools-for-stm32.7-2018-q2-update.win32_1.5.0.202011040924/tools/bin/../lib/gcc/arm-none-eabi/7.3.1/thumb/v7e-m/fpv4-sp/hard/crtn.o
OUTPUT(ded_nucleo_f401.elf elf32-littlearm)

.debug_info     0x0000000000000000     0xb1cf
 .debug_info    0x0000000000000000      0x4fe Core/Src/dma.o
 .debug_info    0x00000000000004fe      0x50e Core/Src/gpio.o
 .debug_info    0x0000000000000a0c     0x1647 Core/Src/main.o
 .debug_info    0x0000000000002053      0x9d9 Core/Src/spi.o
 .debug_info    0x0000000000002a2c     0x139d Core/Src/ssd1322.o
 .debug_info    0x0000000000003dc9      0x38c Core/Src/stm32f4xx_hal_msp.o
 .debug_info    0x0000000000004155      0x699 Core/Src/stm32f4xx_it.o
 .debug_info    0x00000000000047ee      0x57e Core/Src/system_stm32f4xx.o
 .debug_info    0x0000000000004d6c      0xb0b Core/Src/usart.o
 .debug_info    0x0000000000005877       0x22 Core/Startup/startup_stm32f401retx.o
 .debug_info    0x0000000000005899      0x8ce Drivers/STM32F4xx_HAL_Driver/Src/stm32f4xx_hal.o
 .debug_info    0x0000000000006167      0xd92 Drivers/STM32F4xx_HAL_Driver/Src/stm32f4xx_hal_cortex.o
 .debug_info    0x0000000000006ef9      0x960 Drivers/STM32F4xx_HAL_Driver/Src/stm32f4xx_hal_dma.o
 .debug_info    0x0000000000007859      0x7d7 Drivers/STM32F4xx_HAL_Driver/Src/stm32f4xx_hal_gpio.o
 .debug_info    0x0000000000008030      0x929 Drivers/STM32F4xx_HAL_Driver/Src/stm32f4xx_hal_rcc.o
 .debug_info    0x0000000000008959     0x1632 Drivers/STM32F4xx_HAL_Driver/Src/stm32f4xx_hal_spi.o
 .debug_info    0x0000000000009f8b     0x1244 Drivers/STM32F4xx_HAL_Driver/Src/stm32f4xx_hal_uart.o

.debug_abbrev   0x0000000000000000     0x1d87
 .debug_abbrev  0x0000000000000000      0x107 Core/Src/dma.o
 .debug_abbrev  0x0000000000000107      0x134 Core/Src/gpio.o
 .debug_abbrev  0x000000000000023b      0x2b9 Core/Src/main.o
 .debug_abbrev  0x00000000000004f4      0x199 Core/Src/spi.o
 .debug_abbrev  0x000000000000068d      0x22d Core/Src/ssd1322.o
 .debug_abbrev  0x00000000000008ba      0x109 Core/Src/stm32f4xx_hal_msp.o
 .debug_abbrev  0x00000000000009c3      0x158 Core/Src/stm32f4xx_it.o
 .debug_abbrev  0x0000000000000b1b      0x12b Core/Src/system_stm32f4xx.o
 .debug_abbrev  0x0000000000000c46      0x1b3 Core/Src/usart.o
 .debug_abbrev  0x0000000000000df9       0x12 Core/Startup/startup_stm32f401retx.o
 .debug_abbrev  0x0000000000000e0b      0x1f2 Drivers/STM32F4xx_HAL_Driver/Src/stm32f4xx_hal.o
 .debug_abbrev  0x0000000000000ffd      0x2fa Drivers/STM32F4xx_HAL_Driver/Src/stm32f4xx_hal_cortex.o
 .debug_abbrev  0x00000000000012f7      0x1f1 Drivers/STM32F4xx_HAL_Driver/Src/stm32f4xx_hal_dma.o
 .debug_abbrev  0x00000000000014e8      0x1c9 Drivers/STM32F4xx_HAL_Driver/Src/stm32f4xx_hal_gpio.o
 .debug_abbrev  0x00000000000016b1      0x245 Drivers/STM32F4xx_HAL_Driver/Src/stm32f4xx_hal_rcc.o
 .debug_abbrev  0x00000000000018f6      0x240 Drivers/STM32F4xx_HAL_Driver/Src/stm32f4xx_hal_spi.o
 .debug_abbrev  0x0000000000001b36      0x251 Drivers/STM32F4xx_HAL_Driver/Src/stm32f4xx_hal_uart.o

.debug_aranges  0x0000000000000000      0x958
 .debug_aranges
                0x0000000000000000       0x20 Core/Src/dma.o
 .debug_aranges
                0x0000000000000020       0x20 Core/Src/gpio.o
 .debug_aranges
                0x0000000000000040       0x50 Core/Src/main.o
 .debug_aranges
                0x0000000000000090       0x30 Core/Src/spi.o
 .debug_aranges
                0x00000000000000c0       0x70 Core/Src/ssd1322.o
 .debug_aranges
                0x0000000000000130       0x20 Core/Src/stm32f4xx_hal_msp.o
 .debug_aranges
                0x0000000000000150       0x70 Core/Src/stm32f4xx_it.o
 .debug_aranges
                0x00000000000001c0       0x28 Core/Src/system_stm32f4xx.o
 .debug_aranges
                0x00000000000001e8       0x30 Core/Src/usart.o
 .debug_aranges
                0x0000000000000218       0x28 Core/Startup/startup_stm32f401retx.o
 .debug_aranges
                0x0000000000000240       0xf0 Drivers/STM32F4xx_HAL_Driver/Src/stm32f4xx_hal.o
 .debug_aranges
                0x0000000000000330      0x118 Drivers/STM32F4xx_HAL_Driver/Src/stm32f4xx_hal_cortex.o
 .debug_aranges
                0x0000000000000448       0x90 Drivers/STM32F4xx_HAL_Driver/Src/stm32f4xx_hal_dma.o
 .debug_aranges
                0x00000000000004d8       0x58 Drivers/STM32F4xx_HAL_Driver/Src/stm32f4xx_hal_gpio.o
 .debug_aranges
                0x0000000000000530       0x88 Drivers/STM32F4xx_HAL_Driver/Src/stm32f4xx_hal_rcc.o
 .debug_aranges
                0x00000000000005b8      0x1d0 Drivers/STM32F4xx_HAL_Driver/Src/stm32f4xx_hal_spi.o
 .debug_aranges
                0x0000000000000788      0x1d0 Drivers/STM32F4xx_HAL_Driver/Src/stm32f4xx_hal_uart.o

.debug_ranges   0x0000000000000000      0x850
 .debug_ranges  0x0000000000000000       0x10 Core/Src/dma.o
 .debug_ranges  0x0000000000000010       0x10 Core/Src/gpio.o
 .debug_ranges  0x0000000000000020       0x40 Core/Src/main.o
 .debug_ranges  0x0000000000000060       0x20 Core/Src/spi.o
 .debug_ranges  0x0000000000000080       0x60 Core/Src/ssd1322.o
 .debug_ranges  0x00000000000000e0       0x10 Core/Src/stm32f4xx_hal_msp.o
 .debug_ranges  0x00000000000000f0       0x60 Core/Src/stm32f4xx_it.o
 .debug_ranges  0x0000000000000150       0x18 Core/Src/system_stm32f4xx.o
 .debug_ranges  0x0000000000000168       0x20 Core/Src/usart.o
 .debug_ranges  0x0000000000000188       0x20 Core/Startup/startup_stm32f401retx.o
 .debug_ranges  0x00000000000001a8       0xe0 Drivers/STM32F4xx_HAL_Driver/Src/stm32f4xx_hal.o
 .debug_ranges  0x0000000000000288      0x108 Drivers/STM32F4xx_HAL_Driver/Src/stm32f4xx_hal_cortex.o
 .debug_ranges  0x0000000000000390       0x80 Drivers/STM32F4xx_HAL_Driver/Src/stm32f4xx_hal_dma.o
 .debug_ranges  0x0000000000000410       0x48 Drivers/STM32F4xx_HAL_Driver/Src/stm32f4xx_hal_gpio.o
 .debug_ranges  0x0000000000000458       0x78 Drivers/STM32F4xx_HAL_Driver/Src/stm32f4xx_hal_rcc.o
 .debug_ranges  0x00000000000004d0      0x1c0 Drivers/STM32F4xx_HAL_Driver/Src/stm32f4xx_hal_spi.o
 .debug_ranges  0x0000000000000690      0x1c0 Drivers/STM32F4xx_HAL_Driver/Src/stm32f4xx_hal_uart.o

.debug_macro    0x0000000000000000    0x162e1
 .debug_macro   0x0000000000000000      0x1dd Core/Src/dma.o
 .debug_macro   0x00000000000001dd      0xa5a Core/Src/dma.o
 .debug_macro   0x0000000000000c37      0x294 Core/Src/dma.o
 .debug_macro   0x0000000000000ecb       0x2e Core/Src/dma.o
 .debug_macro   0x0000000000000ef9       0x28 Core/Src/dma.o
 .debug_macro   0x0000000000000f21       0x22 Core/Src/dma.o
 .debug_macro   0x0000000000000f43       0x8e Core/Src/dma.o
 .debug_macro   0x0000000000000fd1       0x51 Core/Src/dma.o
 .debug_macro   0x0000000000001022       0xef Core/Src/dma.o
 .debug_macro   0x0000000000001111       0x6a Core/Src/dma.o
 .debug_macro   0x000000000000117b      0x1df Core/Src/dma.o
 .debug_macro   0x000000000000135a       0x1c Core/Src/dma.o
 .debug_macro   0x0000000000001376       0x22 Core/Src/dma.o
 .debug_macro   0x0000000000001398       0xdf Core/Src/dma.o
 .debug_macro   0x0000000000001477     0x102d Core/Src/dma.o
 .debug_macro   0x00000000000024a4      0x11f Core/Src/dma.o
 .debug_macro   0x00000000000025c3     0xb850 Core/Src/dma.o
 .debug_macro   0x000000000000de13       0x43 Core/Src/dma.o
 .debug_macro   0x000000000000de56     0x3659 Core/Src/dma.o
 .debug_macro   0x00000000000114af      0x174 Core/Src/dma.o
 .debug_macro   0x0000000000011623       0x5a Core/Src/dma.o
 .debug_macro   0x000000000001167d      0x416 Core/Src/dma.o
 .debug_macro   0x0000000000011a93      0x9fe Core/Src/dma.o
 .debug_macro   0x0000000000012491      0x117 Core/Src/dma.o
 .debug_macro   0x00000000000125a8       0xf8 Core/Src/dma.o
 .debug_macro   0x00000000000126a0       0x27 Core/Src/dma.o
 .debug_macro   0x00000000000126c7      0x15f Core/Src/dma.o
 .debug_macro   0x0000000000012826      0x287 Core/Src/dma.o
 .debug_macro   0x0000000000012aad       0x5f Core/Src/dma.o
 .debug_macro   0x0000000000012b0c      0x236 Core/Src/dma.o
 .debug_macro   0x0000000000012d42      0x132 Core/Src/dma.o
 .debug_macro   0x0000000000012e74      0x264 Core/Src/dma.o
 .debug_macro   0x00000000000130d8       0x2e Core/Src/dma.o
 .debug_macro   0x0000000000013106      0x11a Core/Src/dma.o
 .debug_macro   0x0000000000013220       0x85 Core/Src/dma.o
 .debug_macro   0x00000000000132a5       0x89 Core/Src/dma.o
 .debug_macro   0x000000000001332e      0x225 Core/Src/dma.o
 .debug_macro   0x0000000000013553      0x287 Core/Src/dma.o
 .debug_macro   0x00000000000137da      0x126 Core/Src/dma.o
 .debug_macro   0x0000000000013900       0x94 Core/Src/dma.o
 .debug_macro   0x0000000000013994      0x1dd Core/Src/gpio.o
 .debug_macro   0x0000000000013b71      0x39a Core/Src/main.o
 .debug_macro   0x0000000000013f0b       0x46 Core/Src/main.o
 .debug_macro   0x0000000000013f51       0x18 Core/Src/main.o
 .debug_macro   0x0000000000013f69       0x3c Core/Src/main.o
 .debug_macro   0x0000000000013fa5       0x34 Core/Src/main.o
 .debug_macro   0x0000000000013fd9       0x16 Core/Src/main.o
 .debug_macro   0x0000000000013fef       0x35 Core/Src/main.o
 .debug_macro   0x0000000000014024      0x32a Core/Src/main.o
 .debug_macro   0x000000000001434e       0x10 Core/Src/main.o
 .debug_macro   0x000000000001435e       0x52 Core/Src/main.o
 .debug_macro   0x00000000000143b0       0x1f Core/Src/main.o
 .debug_macro   0x00000000000143cf       0x43 Core/Src/main.o
 .debug_macro   0x0000000000014412       0x20 Core/Src/main.o
 .debug_macro   0x0000000000014432      0x1a3 Core/Src/main.o
 .debug_macro   0x00000000000145d5       0x10 Core/Src/main.o
 .debug_macro   0x00000000000145e5       0x1c Core/Src/main.o
 .debug_macro   0x0000000000014601       0x52 Core/Src/main.o
 .debug_macro   0x0000000000014653       0x40 Core/Src/main.o
 .debug_macro   0x0000000000014693       0x10 Core/Src/main.o
 .debug_macro   0x00000000000146a3       0x40 Core/Src/main.o
 .debug_macro   0x00000000000146e3       0xd7 Core/Src/main.o
 .debug_macro   0x00000000000147ba       0x1c Core/Src/main.o
 .debug_macro   0x00000000000147d6       0x3d Core/Src/main.o
 .debug_macro   0x0000000000014813       0x16 Core/Src/main.o
 .debug_macro   0x0000000000014829      0x145 Core/Src/main.o
 .debug_macro   0x000000000001496e       0x16 Core/Src/main.o
 .debug_macro   0x0000000000014984       0x20 Core/Src/main.o
 .debug_macro   0x00000000000149a4       0xb8 Core/Src/main.o
 .debug_macro   0x0000000000014a5c      0x1dd Core/Src/spi.o
 .debug_macro   0x0000000000014c39      0x215 Core/Src/ssd1322.o
 .debug_macro   0x0000000000014e4e       0x10 Core/Src/ssd1322.o
 .debug_macro   0x0000000000014e5e      0x1d3 Core/Src/stm32f4xx_hal_msp.o
 .debug_macro   0x0000000000015031      0x1dd Core/Src/stm32f4xx_it.o
 .debug_macro   0x000000000001520e      0x1ca Core/Src/system_stm32f4xx.o
 .debug_macro   0x00000000000153d8      0x1dd Core/Src/usart.o
 .debug_macro   0x00000000000155b5      0x224 Drivers/STM32F4xx_HAL_Driver/Src/stm32f4xx_hal.o
 .debug_macro   0x00000000000157d9      0x1c4 Drivers/STM32F4xx_HAL_Driver/Src/stm32f4xx_hal_cortex.o
 .debug_macro   0x000000000001599d      0x1ca Drivers/STM32F4xx_HAL_Driver/Src/stm32f4xx_hal_dma.o
 .debug_macro   0x0000000000015b67      0x1fa Drivers/STM32F4xx_HAL_Driver/Src/stm32f4xx_hal_gpio.o
 .debug_macro   0x0000000000015d61      0x1e8 Drivers/STM32F4xx_HAL_Driver/Src/stm32f4xx_hal_rcc.o
 .debug_macro   0x0000000000015f49      0x1d3 Drivers/STM32F4xx_HAL_Driver/Src/stm32f4xx_hal_spi.o
 .debug_macro   0x000000000001611c      0x1c5 Drivers/STM32F4xx_HAL_Driver/Src/stm32f4xx_hal_uart.o

.debug_line     0x0000000000000000     0x93a8
 .debug_line    0x0000000000000000      0x6ce Core/Src/dma.o
 .debug_line    0x00000000000006ce      0x6e9 Core/Src/gpio.o
 .debug_line    0x0000000000000db7      0xa0f Core/Src/main.o
 .debug_line    0x00000000000017c6      0x707 Core/Src/spi.o
 .debug_line    0x0000000000001ecd      0x93e Core/Src/ssd1322.o
 .debug_line    0x000000000000280b      0x6d4 Core/Src/stm32f4xx_hal_msp.o
 .debug_line    0x0000000000002edf      0x79f Core/Src/stm32f4xx_it.o
 .debug_line    0x000000000000367e      0x6ee Core/Src/system_stm32f4xx.o
 .debug_line    0x0000000000003d6c      0x718 Core/Src/usart.o
 .debug_line    0x0000000000004484       0x85 Core/Startup/startup_stm32f401retx.o
 .debug_line    0x0000000000004509      0x8d8 Drivers/STM32F4xx_HAL_Driver/Src/stm32f4xx_hal.o
 .debug_line    0x0000000000004de1      0x9fc Drivers/STM32F4xx_HAL_Driver/Src/stm32f4xx_hal_cortex.o
 .debug_line    0x00000000000057dd      0x9a6 Drivers/STM32F4xx_HAL_Driver/Src/stm32f4xx_hal_dma.o
 .debug_line    0x0000000000006183      0x87b Drivers/STM32F4xx_HAL_Driver/Src/stm32f4xx_hal_gpio.o
 .debug_line    0x00000000000069fe      0x930 Drivers/STM32F4xx_HAL_Driver/Src/stm32f4xx_hal_rcc.o
 .debug_line    0x000000000000732e     0x1094 Drivers/STM32F4xx_HAL_Driver/Src/stm32f4xx_hal_spi.o
 .debug_line    0x00000000000083c2      0xfe6 Drivers/STM32F4xx_HAL_Driver/Src/stm32f4xx_hal_uart.o

.debug_str      0x0000000000000000    0x87701
 .debug_str     0x0000000000000000    0x7fdd0 Core/Src/dma.o
                                      0x80060 (size before relaxing)
 .debug_str     0x000000000007fdd0       0xbb Core/Src/gpio.o
                                      0x7fd74 (size before relaxing)
 .debug_str     0x000000000007fe8b     0x4c11 Core/Src/main.o
                                      0x849ca (size before relaxing)
 .debug_str     0x0000000000084a9c       0x4b Core/Src/spi.o
                                      0x801d1 (size before relaxing)
 .debug_str     0x0000000000084ae7      0xeb4 Core/Src/ssd1322.o
                                      0x8129e (size before relaxing)
 .debug_str     0x000000000008599b       0x2c Core/Src/stm32f4xx_hal_msp.o
                                      0x7fcd7 (size before relaxing)
 .debug_str     0x00000000000859c7       0xf6 Core/Src/stm32f4xx_it.o
                                      0x800a3 (size before relaxing)
 .debug_str     0x0000000000085abd       0xc4 Core/Src/system_stm32f4xx.o
                                      0x7fb70 (size before relaxing)
 .debug_str     0x0000000000085b81       0x57 Core/Src/usart.o
                                      0x8054f (size before relaxing)
 .debug_str     0x0000000000085bd8       0x36 Core/Startup/startup_stm32f401retx.o
                                         0x72 (size before relaxing)
 .debug_str     0x0000000000085c0e      0x58d Drivers/STM32F4xx_HAL_Driver/Src/stm32f4xx_hal.o
                                      0x804db (size before relaxing)
 .debug_str     0x000000000008619b      0x399 Drivers/STM32F4xx_HAL_Driver/Src/stm32f4xx_hal_cortex.o
                                      0x802b8 (size before relaxing)
 .debug_str     0x0000000000086534      0x2f6 Drivers/STM32F4xx_HAL_Driver/Src/stm32f4xx_hal_dma.o
                                      0x7ff73 (size before relaxing)
 .debug_str     0x000000000008682a      0x20c Drivers/STM32F4xx_HAL_Driver/Src/stm32f4xx_hal_gpio.o
                                      0x7fdaf (size before relaxing)
 .debug_str     0x0000000000086a36      0x259 Drivers/STM32F4xx_HAL_Driver/Src/stm32f4xx_hal_rcc.o
                                      0x7ff5d (size before relaxing)
 .debug_str     0x0000000000086c8f      0x565 Drivers/STM32F4xx_HAL_Driver/Src/stm32f4xx_hal_spi.o
                                      0x803cc (size before relaxing)
 .debug_str     0x00000000000871f4      0x50d Drivers/STM32F4xx_HAL_Driver/Src/stm32f4xx_hal_uart.o
                                      0x803aa (size before relaxing)

.comment        0x0000000000000000       0x7b
 .comment       0x0000000000000000       0x7b Core/Src/dma.o
                                         0x7c (size before relaxing)
 .comment       0x000000000000007b       0x7c Core/Src/gpio.o
 .comment       0x000000000000007b       0x7c Core/Src/main.o
 .comment       0x000000000000007b       0x7c Core/Src/spi.o
 .comment       0x000000000000007b       0x7c Core/Src/ssd1322.o
 .comment       0x000000000000007b       0x7c Core/Src/stm32f4xx_hal_msp.o
 .comment       0x000000000000007b       0x7c Core/Src/stm32f4xx_it.o
 .comment       0x000000000000007b       0x7c Core/Src/system_stm32f4xx.o
 .comment       0x000000000000007b       0x7c Core/Src/usart.o
 .comment       0x000000000000007b       0x7c Drivers/STM32F4xx_HAL_Driver/Src/stm32f4xx_hal.o
 .comment       0x000000000000007b       0x7c Drivers/STM32F4xx_HAL_Driver/Src/stm32f4xx_hal_cortex.o
 .comment       0x000000000000007b       0x7c Drivers/STM32F4xx_HAL_Driver/Src/stm32f4xx_hal_dma.o
 .comment       0x000000000000007b       0x7c Drivers/STM32F4xx_HAL_Driver/Src/stm32f4xx_hal_gpio.o
 .comment       0x000000000000007b       0x7c Drivers/STM32F4xx_HAL_Driver/Src/stm32f4xx_hal_rcc.o
 .comment       0x000000000000007b       0x7c Drivers/STM32F4xx_HAL_Driver/Src/stm32f4xx_hal_spi.o
 .comment       0x000000000000007b       0x7c Drivers/STM32F4xx_HAL_Driver/Src/stm32f4xx_hal_uart.o

.debug_frame    0x0000000000000000     0x247c
 .debug_frame   0x0000000000000000       0x34 Core/Src/dma.o
 .debug_frame   0x0000000000000034       0x34 Core/Src/gpio.o
 .debug_frame   0x0000000000000068       0xf4 Core/Src/main.o
 .debug_frame   0x000000000000015c       0x74 Core/Src/spi.o
 .debug_frame   0x00000000000001d0      0x19c Core/Src/ssd1322.o
 .debug_frame   0x000000000000036c       0x34 Core/Src/stm32f4xx_hal_msp.o
 .debug_frame   0x00000000000003a0      0x13c Core/Src/stm32f4xx_it.o
 .debug_frame   0x00000000000004dc       0x58 Core/Src/system_stm32f4xx.o
 .debug_frame   0x0000000000000534       0x74 Core/Src/usart.o
 .debug_frame   0x00000000000005a8      0x374 Drivers/STM32F4xx_HAL_Driver/Src/stm32f4xx_hal.o
 .debug_frame   0x000000000000091c      0x498 Drivers/STM32F4xx_HAL_Driver/Src/stm32f4xx_hal_cortex.o
 .debug_frame   0x0000000000000db4      0x250 Drivers/STM32F4xx_HAL_Driver/Src/stm32f4xx_hal_dma.o
 .debug_frame   0x0000000000001004      0x14c Drivers/STM32F4xx_HAL_Driver/Src/stm32f4xx_hal_gpio.o
 .debug_frame   0x0000000000001150      0x1f0 Drivers/STM32F4xx_HAL_Driver/Src/stm32f4xx_hal_rcc.o
 .debug_frame   0x0000000000001340      0x824 Drivers/STM32F4xx_HAL_Driver/Src/stm32f4xx_hal_spi.o
 .debug_frame   0x0000000000001b64      0x844 Drivers/STM32F4xx_HAL_Driver/Src/stm32f4xx_hal_uart.o
 .debug_frame   0x00000000000023a8       0x2c c:/program files/stm32cubeide_1.5.1/stm32cubeide/plugins/com.st.stm32cube.ide.mcu.externaltools.gnu-tools-for-stm32.7-2018-q2-update.win32_1.5.0.202011040924/tools/bin/../lib/gcc/arm-none-eabi/7.3.1/../../../../arm-none-eabi/lib/thumb/v7e-m/fpv4-sp/hard\libc_nano.a(lib_a-init.o)
 .debug_frame   0x00000000000023d4       0x28 c:/program files/stm32cubeide_1.5.1/stm32cubeide/plugins/com.st.stm32cube.ide.mcu.externaltools.gnu-tools-for-stm32.7-2018-q2-update.win32_1.5.0.202011040924/tools/bin/../lib/gcc/arm-none-eabi/7.3.1/../../../../arm-none-eabi/lib/thumb/v7e-m/fpv4-sp/hard\libc_nano.a(lib_a-memcpy-stub.o)
 .debug_frame   0x00000000000023fc       0x20 c:/program files/stm32cubeide_1.5.1/stm32cubeide/plugins/com.st.stm32cube.ide.mcu.externaltools.gnu-tools-for-stm32.7-2018-q2-update.win32_1.5.0.202011040924/tools/bin/../lib/gcc/arm-none-eabi/7.3.1/../../../../arm-none-eabi/lib/thumb/v7e-m/fpv4-sp/hard\libc_nano.a(lib_a-memset.o)
 .debug_frame   0x000000000000241c       0x2c c:/program files/stm32cubeide_1.5.1/stm32cubeide/plugins/com.st.stm32cube.ide.mcu.externaltools.gnu-tools-for-stm32.7-2018-q2-update.win32_1.5.0.202011040924/tools/bin/../lib/gcc/arm-none-eabi/7.3.1/thumb/v7e-m/fpv4-sp/hard\libgcc.a(_aeabi_uldivmod.o)
 .debug_frame   0x0000000000002448       0x34 c:/program files/stm32cubeide_1.5.1/stm32cubeide/plugins/com.st.stm32cube.ide.mcu.externaltools.gnu-tools-for-stm32.7-2018-q2-update.win32_1.5.0.202011040924/tools/bin/../lib/gcc/arm-none-eabi/7.3.1/thumb/v7e-m/fpv4-sp/hard\libgcc.a(_udivmoddi4.o)
